###############################################################################
#
# IAR ELF Linker V8.32.3.193/W32 for ARM                  16/Nov/2020  18:27:03
# Copyright 2007-2019 IAR Systems AB.
#
#    Output file  =  
#        C:\Projekte\QuantumLeaps\lesson_1\Debug\Exe\QuantumLeaps.out
#    Map file     =  
#        C:\Projekte\QuantumLeaps\lesson_1\Debug\List\QuantumLeaps.map
#    Command line =  
#        -f C:\Users\RacasanV\AppData\Local\Temp\EWE46.tmp
#        (C:\Projekte\QuantumLeaps\lesson_1\Debug\Obj\main.o --no_out_extension
#        -o C:\Projekte\QuantumLeaps\lesson_1\Debug\Exe\QuantumLeaps.out
#        --redirect _Printf=_PrintfFullNoMb --redirect _Scanf=_ScanfFullNoMb
#        --map C:\Projekte\QuantumLeaps\lesson_1\Debug\List\QuantumLeaps.map
#        --config "C:\Program Files (x86)\IAR Systems\Embedded Workbench
#        8.2\arm\config\linker\TexasInstruments\LM4F110C4QR.icf" --semihosting
#        --entry __iar_program_start --vfe --text_out locale)
#
###############################################################################

*******************************************************************************
*** RUNTIME MODEL ATTRIBUTES
***

CppFlavor       = *
__SystemLibrary = DLib
__dlib_version  = 6


*******************************************************************************
*** HEAP SELECTION
***

The basic heap was selected because no calls to memory allocation
functions were found in the application outside of system library
functions, and there are calls to deallocation functions in the
application.


*******************************************************************************
*** PLACEMENT SUMMARY
***

"A0":  place at 0x0 { ro section .intvec };
"P1":  place in [from 0x0 to 0xffff] { ro };
define block CSTACK with size = 2K, alignment = 8 { };
define block HEAP with size = 4K, alignment = 8 { };
"P2":  place in [from 0x2000'0000 to 0x2000'5fff] {
          rw, block CSTACK, block HEAP };

No sections matched the following patterns:

  rw  in "P2"


  Section   Kind         Address   Size  Object
  -------   ----         -------   ----  ------
"A0":                              0x40
  .intvec   ro code          0x0   0x40  vector_table_M.o [3]
                          - 0x40   0x40

"P1":                              0x60
  .text     ro code         0x40   0x1e  cmain.o [3]
  .text     ro code         0x5e    0x4  low_level_init.o [2]
  .text     ro code         0x62    0xe  main.o [1]
  .text     ro code         0x70    0x4  exit.o [2]
  .text     ro code         0x74    0xa  cexit.o [3]
  .text     ro code         0x7e    0x2  vector_table_M.o [3]
  .text     ro code         0x80   0x14  exit.o [4]
  .text     ro code         0x94    0xc  cstartup_M.o [3]
                          - 0xa0   0x60

"P2":                             0x800
  CSTACK             0x2000'0000  0x800  <Block>
    CSTACK  uninit   0x2000'0000  0x800  <Block tail>
                   - 0x2000'0800  0x800

Unused ranges:

         From           To    Size
         ----           --    ----
         0xa0       0xffff  0xff60
  0x2000'0800  0x2000'5fff  0x5800



*******************************************************************************
*** MODULE SUMMARY
***

    Module            ro code  rw data
    ------            -------  -------
command line/config:
    ----------------------------------
    Total:

C:\Projekte\QuantumLeaps\lesson_1\Debug\Obj: [1]
    main.o                 14
    ----------------------------------
    Total:                 14

dl7M_tln.a: [2]
    exit.o                  4
    low_level_init.o        4
    ----------------------------------
    Total:                  8

rt7M_tl.a: [3]
    cexit.o                10
    cmain.o                30
    cstartup_M.o           12
    vector_table_M.o       66
    ----------------------------------
    Total:                118

shb_l.a: [4]
    exit.o                 20
    ----------------------------------
    Total:                 20

    Linker created               2 048
--------------------------------------
    Grand Total:          160    2 048


*******************************************************************************
*** ENTRY LIST
***

Entry                     Address  Size  Type      Object
-----                     -------  ----  ----      ------
?main                        0x41        Code  Gb  cmain.o [3]
CSTACK$$Base          0x2000'0000         --   Gb  - Linker created -
CSTACK$$Limit         0x2000'0800         --   Gb  - Linker created -
Region$$Table$$Base           0x0         --   Gb  - Linker created -
Region$$Table$$Limit          0x0         --   Gb  - Linker created -
__cmain                      0x41        Code  Gb  cmain.o [3]
__exit                       0x81  0x14  Code  Gb  exit.o [4]
__iar_program_start          0x95        Code  Gb  cstartup_M.o [3]
__low_level_init             0x5f   0x4  Code  Gb  low_level_init.o [2]
__vector_table                0x0        Data  Gb  vector_table_M.o [3]
_call_main                   0x4d        Code  Gb  cmain.o [3]
_exit                        0x75        Code  Gb  cexit.o [3]
_main                        0x5b        Code  Gb  cmain.o [3]
exit                         0x71   0x4  Code  Gb  exit.o [2]
main                         0x63   0xe  Code  Gb  main.o [1]


[1] = C:\Projekte\QuantumLeaps\lesson_1\Debug\Obj
[2] = dl7M_tln.a
[3] = rt7M_tl.a
[4] = shb_l.a

    160 bytes of readonly  code memory
  2 048 bytes of readwrite data memory

Errors: none
Warnings: none
