Component: ARM Compiler 5.06 update 7 (build 960) Tool: armlink [4d3601]

==============================================================================

Section Cross References

    bsp.o(i.QF_onStartUp) refers to system_tm4c123gh6pm.o(i.SystemCoreClockUpdate) for SystemCoreClockUpdate
    bsp.o(i.QF_onStartUp) refers to bsp.o(i.__NVIC_SetPriority) for __NVIC_SetPriority
    bsp.o(i.QF_onStartUp) refers to system_tm4c123gh6pm.o(.data) for SystemCoreClock
    bsp.o(i.SysTick_Handler) refers to qf_time.o(i.QF_tickX_) for QF_tickX_
    bsp.o(i.SysTick_Handler) refers to qxk.o(i.QXK_sched_) for QXK_sched_
    main.o(i.main) refers to bsp.o(i.BSP_init) for BSP_init
    main.o(i.main) refers to qxk.o(i.QF_init) for QF_init
    main.o(i.main) refers to qxk_xthr.o(i.QXThread_ctor) for QXThread_ctor
    main.o(i.main) refers to bsp.o(i.Q_onAssert) for Q_onAssert
    main.o(i.main) refers to qxk.o(i.QF_run) for QF_run
    main.o(i.main) refers to main.o(i.main_blinky1) for main_blinky1
    main.o(i.main) refers to main.o(.bss) for blinky1
    main.o(i.main) refers to main.o(.constdata) for Q_this_module_
    main.o(i.main) refers to main.o(i.main_blinky2) for main_blinky2
    main.o(i.main_blinky1) refers to bsp.o(i.BSP_ledGreenOn) for BSP_ledGreenOn
    main.o(i.main_blinky1) refers to qxk_xthr.o(i.QXThread_delay) for QXThread_delay
    main.o(i.main_blinky1) refers to bsp.o(i.BSP_ledGreenOff) for BSP_ledGreenOff
    main.o(i.main_blinky2) refers to bsp.o(i.BSP_ledBlueOn) for BSP_ledBlueOn
    main.o(i.main_blinky2) refers to qxk_xthr.o(i.QXThread_delay) for QXThread_delay
    main.o(i.main_blinky2) refers to bsp.o(i.BSP_ledBlueOff) for BSP_ledBlueOff
    main.o(i.main_blinky3) refers to bsp.o(i.BSP_ledRedOn) for BSP_ledRedOn
    main.o(i.main_blinky3) refers to qxk_xthr.o(i.QXThread_delay) for QXThread_delay
    main.o(i.main_blinky3) refers to bsp.o(i.BSP_ledRedOff) for BSP_ledRedOff
    system_tm4c123gh6pm.o(i.SystemCoreClockUpdate) refers to system_tm4c123gh6pm.o(i.getOscClk) for getOscClk
    system_tm4c123gh6pm.o(i.SystemCoreClockUpdate) refers to system_tm4c123gh6pm.o(.data) for SystemCoreClock
    startup_tm4c123gh6pm.o(STACK) refers (Special) to heapauxi.o(.text) for __use_two_region_memory
    startup_tm4c123gh6pm.o(HEAP) refers (Special) to heapauxi.o(.text) for __use_two_region_memory
    startup_tm4c123gh6pm.o(RESET) refers (Special) to heapauxi.o(.text) for __use_two_region_memory
    startup_tm4c123gh6pm.o(RESET) refers to startup_tm4c123gh6pm.o(STACK) for __initial_sp
    startup_tm4c123gh6pm.o(RESET) refers to startup_tm4c123gh6pm.o(.text) for Reset_Handler
    startup_tm4c123gh6pm.o(RESET) refers to qxk_port.o(.emb_text) for NMI_Handler
    startup_tm4c123gh6pm.o(RESET) refers to bsp.o(i.SysTick_Handler) for SysTick_Handler
    startup_tm4c123gh6pm.o(.text) refers (Special) to heapauxi.o(.text) for __use_two_region_memory
    startup_tm4c123gh6pm.o(.text) refers to bsp.o(i.Q_onAssert) for Q_onAssert
    startup_tm4c123gh6pm.o(.text) refers to system_tm4c123gh6pm.o(i.SystemInit) for SystemInit
    startup_tm4c123gh6pm.o(.text) refers to __main.o(!!!main) for __main
    startup_tm4c123gh6pm.o(.text) refers to startup_tm4c123gh6pm.o(HEAP) for __heap_base
    startup_tm4c123gh6pm.o(.text) refers to startup_tm4c123gh6pm.o(STACK) for __stack_limit
    qep_hsm.o(i.QHsm_childState_) refers to bsp.o(i.Q_onAssert) for Q_onAssert
    qep_hsm.o(i.QHsm_childState_) refers to qep_hsm.o(.constdata) for QEP_reservedEvt_
    qep_hsm.o(i.QHsm_ctor) refers to qep_hsm.o(.constdata) for vtable
    qep_hsm.o(i.QHsm_ctor) refers to qep_hsm.o(i.QHsm_top) for QHsm_top
    qep_hsm.o(i.QHsm_dispatch_) refers to bsp.o(i.Q_onAssert) for Q_onAssert
    qep_hsm.o(i.QHsm_dispatch_) refers to qep_hsm.o(i.QHsm_tran_) for QHsm_tran_
    qep_hsm.o(i.QHsm_dispatch_) refers to qep_hsm.o(.constdata) for Q_this_module_
    qep_hsm.o(i.QHsm_init_) refers to bsp.o(i.Q_onAssert) for Q_onAssert
    qep_hsm.o(i.QHsm_init_) refers to qep_hsm.o(i.QHsm_top) for QHsm_top
    qep_hsm.o(i.QHsm_init_) refers to qep_hsm.o(.constdata) for Q_this_module_
    qep_hsm.o(i.QHsm_isIn) refers to bsp.o(i.Q_onAssert) for Q_onAssert
    qep_hsm.o(i.QHsm_isIn) refers to qep_hsm.o(.constdata) for Q_this_module_
    qep_hsm.o(i.QHsm_tran_) refers to bsp.o(i.Q_onAssert) for Q_onAssert
    qep_hsm.o(i.QHsm_tran_) refers to qep_hsm.o(.constdata) for QEP_reservedEvt_
    qep_hsm.o(.constdata) refers to qep_hsm.o(i.QHsm_init_) for QHsm_init_
    qep_hsm.o(.constdata) refers to qep_hsm.o(i.QHsm_dispatch_) for QHsm_dispatch_
    qep_msm.o(i.QMsm_childStateObj_) refers to bsp.o(i.Q_onAssert) for Q_onAssert
    qep_msm.o(i.QMsm_childStateObj_) refers to qep_msm.o(.constdata) for Q_this_module_
    qep_msm.o(i.QMsm_ctor) refers to qep_msm.o(.constdata) for vtable
    qep_msm.o(i.QMsm_dispatch_) refers to bsp.o(i.Q_onAssert) for Q_onAssert
    qep_msm.o(i.QMsm_dispatch_) refers to qep_msm.o(i.QMsm_exitToTranSource_) for QMsm_exitToTranSource_
[...]
    qxk_xthr.o(i.QXThread_start_) refers to qxk_xthr.o(i.QXK_get_IPSR) for QXK_get_IPSR
    qxk_xthr.o(i.QXThread_start_) refers to bsp.o(i.Q_onAssert) for Q_onAssert
    qxk_xthr.o(i.QXThread_start_) refers to qf_qeq.o(i.QEQueue_init) for QEQueue_init
    qxk_xthr.o(i.QXThread_start_) refers to qxk_port.o(i.QXK_stackInit_) for QXK_stackInit_
    qxk_xthr.o(i.QXThread_start_) refers to qf_act.o(i.QF_add_) for QF_add_
    qxk_xthr.o(i.QXThread_start_) refers to qxk_xthr.o(i.QF_get_BASEPRI) for QF_get_BASEPRI
    qxk_xthr.o(i.QXThread_start_) refers to qxk_xthr.o(i.QF_set_BASEPRI) for QF_set_BASEPRI
    qxk_xthr.o(i.QXThread_start_) refers to qxk.o(i.QXK_sched_) for QXK_sched_
    qxk_xthr.o(i.QXThread_start_) refers to qxk_xthr.o(.constdata) for Q_this_module_
    qxk_xthr.o(i.QXThread_start_) refers to qxk.o(.bss) for QXK_attr_
    qxk_xthr.o(i.QXThread_teArm_) refers to bsp.o(i.Q_onAssert) for Q_onAssert
    qxk_xthr.o(i.QXThread_teArm_) refers to qxk_xthr.o(.constdata) for Q_this_module_
    qxk_xthr.o(i.QXThread_teArm_) refers to qf_time.o(.bss) for QF_timeEvtHead_
    qxk_xthr.o(i.QXThread_unblock_) refers to qxk_xthr.o(i.QXK_get_IPSR) for QXK_get_IPSR
    qxk_xthr.o(i.QXThread_unblock_) refers to qxk.o(i.QXK_sched_) for QXK_sched_
    qxk_xthr.o(i.QXThread_unblock_) refers to qxk.o(.bss) for QXK_attr_
    qxk_xthr.o(i.QXThread_unblock_) refers to qf_act.o(.bss) for QF_active_
    qxk_xthr.o(.constdata) refers to qxk_xthr.o(i.QXThread_init_) for QXThread_init_
    qxk_xthr.o(.constdata) refers to qxk_xthr.o(i.QXThread_dispatch_) for QXThread_dispatch_
    qxk_xthr.o(.constdata) refers to qxk_xthr.o(i.QXThread_start_) for QXThread_start_
    qxk_xthr.o(.constdata) refers to qxk_xthr.o(i.QXThread_post_) for QXThread_post_
    qxk_xthr.o(.constdata) refers to qxk_xthr.o(i.QXThread_postLIFO_) for QXThread_postLIFO_
    qxk_port.o(.emb_text) refers to qxk.o(.bss) for QXK_attr_
    qxk_port.o(.emb_text) refers to qxk.o(i.QXK_activate_) for QXK_activate_
    qxk_port.o(i.QXK_stackInit_) refers to qxk_xthr.o(i.QXK_threadRet_) for QXK_threadRet_
    __main.o(!!!main) refers to __rtentry.o(.ARM.Collect$$rtentry$$00000000) for __rt_entry
    __rtentry.o(.ARM.Collect$$rtentry$$00000000) refers (Special) to __rtentry2.o(.ARM.Collect$$rtentry$$0000000A) for __rt_entry_li
    __rtentry.o(.ARM.Collect$$rtentry$$00000000) refers (Special) to __rtentry2.o(.ARM.Collect$$rtentry$$0000000D) for __rt_entry_main
    __rtentry.o(.ARM.Collect$$rtentry$$00000000) refers (Special) to __rtentry2.o(.ARM.Collect$$rtentry$$0000000C) for __rt_entry_postli_1
    __rtentry.o(.ARM.Collect$$rtentry$$00000000) refers (Special) to __rtentry2.o(.ARM.Collect$$rtentry$$00000009) for __rt_entry_postsh_1
    __rtentry.o(.ARM.Collect$$rtentry$$00000000) refers (Special) to __rtentry2.o(.ARM.Collect$$rtentry$$00000002) for __rt_entry_presh_1
    __rtentry.o(.ARM.Collect$$rtentry$$00000000) refers (Special) to __rtentry4.o(.ARM.Collect$$rtentry$$00000004) for __rt_entry_sh
    __rtentry2.o(.ARM.Collect$$rtentry$$00000008) refers to boardinit2.o(.text) for _platform_post_stackheap_init
    __rtentry2.o(.ARM.Collect$$rtentry$$0000000A) refers to libinit.o(.ARM.Collect$$libinit$$00000000) for __rt_lib_init
    __rtentry2.o(.ARM.Collect$$rtentry$$0000000B) refers to boardinit3.o(.text) for _platform_post_lib_init
    __rtentry2.o(.ARM.Collect$$rtentry$$0000000D) refers to main.o(i.main) for main
    __rtentry2.o(.ARM.Collect$$rtentry$$0000000D) refers to exit.o(.text) for exit
    __rtentry2.o(.ARM.exidx) refers to __rtentry2.o(.ARM.Collect$$rtentry$$00000001) for .ARM.Collect$$rtentry$$00000001
    __rtentry2.o(.ARM.exidx) refers to __rtentry2.o(.ARM.Collect$$rtentry$$00000008) for .ARM.Collect$$rtentry$$00000008
    __rtentry2.o(.ARM.exidx) refers to __rtentry2.o(.ARM.Collect$$rtentry$$0000000A) for .ARM.Collect$$rtentry$$0000000A
    __rtentry2.o(.ARM.exidx) refers to __rtentry2.o(.ARM.Collect$$rtentry$$0000000B) for .ARM.Collect$$rtentry$$0000000B
    __rtentry2.o(.ARM.exidx) refers to __rtentry2.o(.ARM.Collect$$rtentry$$0000000D) for .ARM.Collect$$rtentry$$0000000D
    __rtentry4.o(.ARM.Collect$$rtentry$$00000004) refers to sys_stackheap_outer.o(.text) for __user_setup_stackheap
    __rtentry4.o(.ARM.exidx) refers to __rtentry4.o(.ARM.Collect$$rtentry$$00000004) for .ARM.Collect$$rtentry$$00000004
    sys_stackheap_outer.o(.text) refers to libspace.o(.text) for __user_perproc_libspace
    sys_stackheap_outer.o(.text) refers to startup_tm4c123gh6pm.o(.text) for __user_initial_stackheap
    exit.o(.text) refers to rtexit.o(.ARM.Collect$$rtexit$$00000000) for __rt_exit
    libinit.o(.ARM.Collect$$libinit$$00000000) refers (Special) to libinit2.o(.ARM.Collect$$libinit$$0000002E) for __rt_lib_init_alloca_1
    libinit.o(.ARM.Collect$$libinit$$00000000) refers (Special) to libinit2.o(.ARM.Collect$$libinit$$0000002C) for __rt_lib_init_argv_1
    libinit.o(.ARM.Collect$$libinit$$00000000) refers (Special) to libinit2.o(.ARM.Collect$$libinit$$0000001B) for __rt_lib_init_atexit_1
    libinit.o(.ARM.Collect$$libinit$$00000000) refers (Special) to libinit2.o(.ARM.Collect$$libinit$$00000021) for __rt_lib_init_clock_1
    libinit.o(.ARM.Collect$$libinit$$00000000) refers (Special) to libinit2.o(.ARM.Collect$$libinit$$00000032) for __rt_lib_init_cpp_1
    libinit.o(.ARM.Collect$$libinit$$00000000) refers (Special) to libinit2.o(.ARM.Collect$$libinit$$00000030) for __rt_lib_init_exceptions_1
    libinit.o(.ARM.Collect$$libinit$$00000000) refers (Special) to libinit2.o(.ARM.Collect$$libinit$$00000002) for __rt_lib_init_fp_1
    libinit.o(.ARM.Collect$$libinit$$00000000) refers (Special) to libinit2.o(.ARM.Collect$$libinit$$0000001F) for __rt_lib_init_fp_trap_1
    libinit.o(.ARM.Collect$$libinit$$00000000) refers (Special) to libinit2.o(.ARM.Collect$$libinit$$00000023) for __rt_lib_init_getenv_1
    libinit.o(.ARM.Collect$$libinit$$00000000) refers (Special) to libinit2.o(.ARM.Collect$$libinit$$0000000A) for __rt_lib_init_heap_1
    libinit.o(.ARM.Collect$$libinit$$00000000) refers (Special) to libinit2.o(.ARM.Collect$$libinit$$00000011) for __rt_lib_init_lc_collate_1
    libinit.o(.ARM.Collect$$libinit$$00000000) refers (Special) to libinit2.o(.ARM.Collect$$libinit$$00000013) for __rt_lib_init_lc_ctype_1
    libinit.o(.ARM.Collect$$libinit$$00000000) refers (Special) to libinit2.o(.ARM.Collect$$libinit$$00000015) for __rt_lib_init_lc_monetary_1
    libinit.o(.ARM.Collect$$libinit$$00000000) refers (Special) to libinit2.o(.ARM.Collect$$libinit$$00000017) for __rt_lib_init_lc_numeric_1
    libinit.o(.ARM.Collect$$libinit$$00000000) refers (Special) to libinit2.o(.ARM.Collect$$libinit$$00000019) for __rt_lib_init_lc_time_1
    libinit.o(.ARM.Collect$$libinit$$00000000) refers (Special) to libinit2.o(.ARM.Collect$$libinit$$00000004) for __rt_lib_init_preinit_1
    libinit.o(.ARM.Collect$$libinit$$00000000) refers (Special) to libinit2.o(.ARM.Collect$$libinit$$0000000E) for __rt_lib_init_rand_1
    libinit.o(.ARM.Collect$$libinit$$00000000) refers (Special) to libinit2.o(.ARM.Collect$$libinit$$00000033) for __rt_lib_init_return
    libinit.o(.ARM.Collect$$libinit$$00000000) refers (Special) to libinit2.o(.ARM.Collect$$libinit$$0000001D) for __rt_lib_init_signal_1
    libinit.o(.ARM.Collect$$libinit$$00000000) refers (Special) to libinit2.o(.ARM.Collect$$libinit$$00000025) for __rt_lib_init_stdio_1
    libinit.o(.ARM.Collect$$libinit$$00000000) refers (Special) to libinit2.o(.ARM.Collect$$libinit$$0000000C) for __rt_lib_init_user_alloc_1
    libspace.o(.text) refers to libspace.o(.bss) for __libspace_start
    rtexit.o(.ARM.Collect$$rtexit$$00000000) refers (Special) to rtexit2.o(.ARM.Collect$$rtexit$$00000004) for __rt_exit_exit
    rtexit.o(.ARM.Collect$$rtexit$$00000000) refers (Special) to rtexit2.o(.ARM.Collect$$rtexit$$00000003) for __rt_exit_ls
    rtexit.o(.ARM.Collect$$rtexit$$00000000) refers (Special) to rtexit2.o(.ARM.Collect$$rtexit$$00000002) for __rt_exit_prels_1
    rtexit.o(.ARM.exidx) refers (Special) to rtexit2.o(.ARM.Collect$$rtexit$$00000004) for __rt_exit_exit
    rtexit.o(.ARM.exidx) refers (Special) to rtexit2.o(.ARM.Collect$$rtexit$$00000003) for __rt_exit_ls
    rtexit.o(.ARM.exidx) refers (Special) to rtexit2.o(.ARM.Collect$$rtexit$$00000002) for __rt_exit_prels_1
    rtexit.o(.ARM.exidx) refers to rtexit.o(.ARM.Collect$$rtexit$$00000000) for .ARM.Collect$$rtexit$$00000000
    libinit2.o(.ARM.Collect$$libinit$$00000010) refers to libinit2.o(.ARM.Collect$$libinit$$0000000F) for .ARM.Collect$$libinit$$0000000F
    libinit2.o(.ARM.Collect$$libinit$$00000012) refers to libinit2.o(.ARM.Collect$$libinit$$0000000F) for .ARM.Collect$$libinit$$0000000F
    libinit2.o(.ARM.Collect$$libinit$$00000014) refers to libinit2.o(.ARM.Collect$$libinit$$0000000F) for .ARM.Collect$$libinit$$0000000F
    libinit2.o(.ARM.Collect$$libinit$$00000016) refers to libinit2.o(.ARM.Collect$$libinit$$0000000F) for .ARM.Collect$$libinit$$0000000F
    libinit2.o(.ARM.Collect$$libinit$$00000018) refers to libinit2.o(.ARM.Collect$$libinit$$0000000F) for .ARM.Collect$$libinit$$0000000F
    libinit2.o(.ARM.Collect$$libinit$$00000026) refers to argv_veneer.o(.emb_text) for __ARM_argv_veneer
    libinit2.o(.ARM.Collect$$libinit$$00000027) refers to argv_veneer.o(.emb_text) for __ARM_argv_veneer
    rtexit2.o(.ARM.Collect$$rtexit$$00000003) refers to libshutdown.o(.ARM.Collect$$libshutdown$$00000000) for __rt_lib_shutdown
    rtexit2.o(.ARM.Collect$$rtexit$$00000004) refers to sys_exit.o(.text) for _sys_exit
    rtexit2.o(.ARM.exidx) refers to rtexit2.o(.ARM.Collect$$rtexit$$00000001) for .ARM.Collect$$rtexit$$00000001
    rtexit2.o(.ARM.exidx) refers to rtexit2.o(.ARM.Collect$$rtexit$$00000003) for .ARM.Collect$$rtexit$$00000003
    rtexit2.o(.ARM.exidx) refers to rtexit2.o(.ARM.Collect$$rtexit$$00000004) for .ARM.Collect$$rtexit$$00000004
    argv_veneer.o(.emb_text) refers to no_argv.o(.text) for __ARM_get_argv
    sys_exit.o(.text) refers (Special) to use_no_semi.o(.text) for __I$use$semihosting
    sys_exit.o(.text) refers (Special) to indicate_semi.o(.text) for __semihosting_library_function
    _get_argv_nomalloc.o(.text) refers (Special) to hrguard.o(.text) for __heap_region$guard
    _get_argv_nomalloc.o(.text) refers to defsig_rtmem_outer.o(.text) for __rt_SIGRTMEM
    _get_argv_nomalloc.o(.text) refers to sys_command.o(.text) for _sys_command_string
    libshutdown.o(.ARM.Collect$$libshutdown$$00000000) refers (Special) to libshutdown2.o(.ARM.Collect$$libshutdown$$00000004) for __rt_lib_shutdown_cpp_1
    libshutdown.o(.ARM.Collect$$libshutdown$$00000000) refers (Special) to libshutdown2.o(.ARM.Collect$$libshutdown$$00000002) for __rt_lib_shutdown_fini_1
    libshutdown.o(.ARM.Collect$$libshutdown$$00000000) refers (Special) to libshutdown2.o(.ARM.Collect$$libshutdown$$00000009) for __rt_lib_shutdown_fp_trap_1
    libshutdown.o(.ARM.Collect$$libshutdown$$00000000) refers (Special) to libshutdown2.o(.ARM.Collect$$libshutdown$$00000011) for __rt_lib_shutdown_heap_1
    libshutdown.o(.ARM.Collect$$libshutdown$$00000000) refers (Special) to libshutdown2.o(.ARM.Collect$$libshutdown$$00000012) for __rt_lib_shutdown_return
    libshutdown.o(.ARM.Collect$$libshutdown$$00000000) refers (Special) to libshutdown2.o(.ARM.Collect$$libshutdown$$0000000C) for __rt_lib_shutdown_signal_1
    libshutdown.o(.ARM.Collect$$libshutdown$$00000000) refers (Special) to libshutdown2.o(.ARM.Collect$$libshutdown$$00000006) for __rt_lib_shutdown_stdio_1
    libshutdown.o(.ARM.Collect$$libshutdown$$00000000) refers (Special) to libshutdown2.o(.ARM.Collect$$libshutdown$$0000000E) for __rt_lib_shutdown_user_alloc_1
    sys_command.o(.text) refers (Special) to use_no_semi.o(.text) for __I$use$semihosting
    sys_command.o(.text) refers (Special) to indicate_semi.o(.text) for __semihosting_library_function
    defsig_rtmem_outer.o(.text) refers to defsig_rtmem_inner.o(.text) for __rt_SIGRTMEM_inner
    defsig_rtmem_outer.o(.text) refers to defsig_exit.o(.text) for __sig_exit
    defsig_rtmem_formal.o(.text) refers to rt_raise.o(.text) for __rt_raise
    rt_raise.o(.text) refers to __raise.o(.text) for __raise
    rt_raise.o(.text) refers to sys_exit.o(.text) for _sys_exit
    defsig_exit.o(.text) refers to sys_exit.o(.text) for _sys_exit
    defsig_rtmem_inner.o(.text) refers to defsig_general.o(.text) for __default_signal_display
    __raise.o(.text) refers to defsig.o(CL$$defsig) for __default_signal_handler
    defsig_general.o(.text) refers to sys_wrch.o(.text) for _ttywrch
    sys_wrch.o(.text) refers (Special) to use_no_semi.o(.text) for __I$use$semihosting
    sys_wrch.o(.text) refers (Special) to indicate_semi.o(.text) for __semihosting_library_function
    defsig.o(CL$$defsig) refers to defsig_rtmem_inner.o(.text) for __rt_SIGRTMEM_inner
    defsig_abrt_inner.o(.text) refers to defsig_general.o(.text) for __default_signal_display
    defsig_fpe_inner.o(.text) refers to defsig_general.o(.text) for __default_signal_display
    defsig_rtred_inner.o(.text) refers to defsig_general.o(.text) for __default_signal_display
    defsig_stak_inner.o(.text) refers to defsig_general.o(.text) for __default_signal_display
    defsig_pvfn_inner.o(.text) refers to defsig_general.o(.text) for __default_signal_display
    defsig_cppl_inner.o(.text) refers to defsig_general.o(.text) for __default_signal_display
    defsig_segv_inner.o(.text) refers to defsig_general.o(.text) for __default_signal_display
    defsig_other.o(.text) refers to defsig_general.o(.text) for __default_signal_display


==============================================================================

Removing Unused input sections from the image.

    Removing bsp.o(.rev16_text), (4 bytes).
    Removing bsp.o(.revsh_text), (4 bytes).
    Removing bsp.o(.rrx_text), (6 bytes).
    Removing bsp.o(i.BSP_ledRedOff), (12 bytes).
    Removing bsp.o(i.BSP_ledRedOn), (12 bytes).
    Removing bsp.o(i.QF_onCleanup), (2 bytes).
    Removing bsp.o(i.QF_onStartUp), (72 bytes).
    Removing bsp.o(i.__NVIC_SetPriority), (40 bytes).
    Removing bsp.o(.data), (4 bytes).
    Removing main.o(i.main_blinky3), (24 bytes).
    Removing system_tm4c123gh6pm.o(.rev16_text), (4 bytes).
    Removing system_tm4c123gh6pm.o(.revsh_text), (4 bytes).
    Removing system_tm4c123gh6pm.o(.rrx_text), (6 bytes).
    Removing system_tm4c123gh6pm.o(i.SystemCoreClockUpdate), (196 bytes).
    Removing system_tm4c123gh6pm.o(i.getOscClk), (248 bytes).
    Removing system_tm4c123gh6pm.o(.data), (4 bytes).
    Removing qep_hsm.o(i.QHsm_childState_), (84 bytes).
    Removing qep_hsm.o(i.QHsm_isIn), (76 bytes).
    Removing qep_msm.o(i.QMsm_childStateObj_), (68 bytes).
    Removing qep_msm.o(i.QMsm_ctor), (20 bytes).
    Removing qep_msm.o(i.QMsm_dispatch_), (284 bytes).
    Removing qep_msm.o(i.QMsm_enterHistory_), (104 bytes).
    Removing qep_msm.o(i.QMsm_execTatbl_), (68 bytes).
    Removing qep_msm.o(i.QMsm_exitToTranSource_), (56 bytes).
    Removing qep_msm.o(i.QMsm_init_), (88 bytes).
    Removing qep_msm.o(i.QMsm_isInState), (30 bytes).
    Removing qep_msm.o(.constdata), (36 bytes).
    Removing qf_act.o(i.QF_remove_), (88 bytes).
    Removing qf_actq.o(i.QF_getQueueMin), (80 bytes).
    Removing qf_actq.o(i.QTicker_ctor), (28 bytes).
    Removing qf_defer.o(i.QActive_defer), (32 bytes).
    Removing qf_defer.o(i.QActive_flushDeferred), (54 bytes).
    Removing qf_defer.o(i.QActive_recall), (120 bytes).
    Removing qf_defer.o(.constdata), (9 bytes).
    Removing qf_dyn.o(i.QF_deleteRef_), (14 bytes).
    Removing qf_dyn.o(i.QF_newRef_), (72 bytes).
    Removing qf_dyn.o(i.QF_newX_), (152 bytes).
    Removing qf_dyn.o(i.QF_poolGetMaxBlockSize), (28 bytes).
    Removing qf_dyn.o(i.QF_poolInit), (112 bytes).
    Removing qf_mem.o(i.QF_getPoolMin), (96 bytes).
    Removing qf_mem.o(i.QMPool_get), (176 bytes).
    Removing qf_mem.o(i.QMPool_init), (144 bytes).
    Removing qf_ps.o(i.QActive_subscribe), (128 bytes).
    Removing qf_ps.o(i.QActive_unsubscribe), (128 bytes).
    Removing qf_ps.o(i.QActive_unsubscribeAll), (148 bytes).
    Removing qf_ps.o(i.QF_get_BASEPRI), (6 bytes).
    Removing qf_ps.o(i.QF_psInit), (32 bytes).
    Removing qf_ps.o(i.QF_publish_), (236 bytes).
    Removing qf_ps.o(i.QF_set_BASEPRI), (6 bytes).
    Removing qf_ps.o(.constdata), (6 bytes).
    Removing qf_qeq.o(i.QEQueue_get), (128 bytes).
    Removing qf_qeq.o(i.QEQueue_post), (176 bytes).
    Removing qf_qeq.o(i.QEQueue_postLIFO), (132 bytes).
    Removing qf_qeq.o(i.QF_set_BASEPRI), (6 bytes).
    Removing qf_qeq.o(.constdata), (7 bytes).
    Removing qf_qmact.o(i.QMActive_ctor), (32 bytes).
    Removing qf_qmact.o(.constdata), (20 bytes).
    Removing qf_time.o(i.QF_noTimeEvtsActiveX), (40 bytes).
    Removing qf_time.o(i.QTimeEvt_armX), (136 bytes).
    Removing qf_time.o(i.QTimeEvt_currCtr), (40 bytes).
    Removing qf_time.o(i.QTimeEvt_disarm), (68 bytes).
    Removing qf_time.o(i.QTimeEvt_rearm), (132 bytes).
    Removing qf_time.o(i.QTimeEvt_wasDisarmed), (26 bytes).
    Removing qxk.o(i.QF_stop), (8 bytes).
    Removing qxk.o(i.QXK_current), (96 bytes).
    Removing qxk.o(i.QXK_schedLock), (116 bytes).
    Removing qxk.o(i.QXK_schedUnlock), (100 bytes).
    Removing qxk_mutex.o(i.QF_get_BASEPRI), (6 bytes).
    Removing qxk_mutex.o(i.QF_set_BASEPRI), (6 bytes).
    Removing qxk_mutex.o(i.QXMutex_init), (96 bytes).
    Removing qxk_mutex.o(i.QXMutex_lock), (484 bytes).
    Removing qxk_mutex.o(i.QXMutex_tryLock), (312 bytes).
    Removing qxk_mutex.o(i.QXMutex_unlock), (380 bytes).
    Removing qxk_mutex.o(.constdata), (10 bytes).
    Removing qxk_sema.o(i.QF_get_BASEPRI), (6 bytes).
    Removing qxk_sema.o(i.QF_set_BASEPRI), (6 bytes).
    Removing qxk_sema.o(i.QXSemaphore_init), (36 bytes).
    Removing qxk_sema.o(i.QXSemaphore_signal), (196 bytes).
    Removing qxk_sema.o(i.QXSemaphore_tryWait), (76 bytes).
    Removing qxk_sema.o(i.QXSemaphore_wait), (292 bytes).
    Removing qxk_sema.o(.constdata), (9 bytes).
    Removing qxk_xthr.o(i.QXThread_delayCancel), (66 bytes).
    Removing qxk_xthr.o(i.QXThread_queueGet), (280 bytes).

83 unused section(s) (total 6975 bytes) removed from the image.

==============================================================================

Image Symbol Table

    Local Symbols

    Symbol Name                              Value     Ov Type        Size  Object(Section)

    RESET                                    0x00000000   Section      620  startup_tm4c123gh6pm.o(RESET)
    ../clib/angel/boardlib.s                 0x00000000   Number         0  boardinit3.o ABSOLUTE
    ../clib/angel/boardlib.s                 0x00000000   Number         0  boardshut.o ABSOLUTE
    ../clib/angel/boardlib.s                 0x00000000   Number         0  boardinit1.o ABSOLUTE
    ../clib/angel/boardlib.s                 0x00000000   Number         0  boardinit2.o ABSOLUTE
    ../clib/angel/handlers.s                 0x00000000   Number         0  __scatter_copy.o ABSOLUTE
    ../clib/angel/handlers.s                 0x00000000   Number         0  __scatter_zi.o ABSOLUTE
    ../clib/angel/kernel.s                   0x00000000   Number         0  rtexit.o ABSOLUTE
    ../clib/angel/kernel.s                   0x00000000   Number         0  rtexit2.o ABSOLUTE
    ../clib/angel/kernel.s                   0x00000000   Number         0  __rtentry2.o ABSOLUTE
    ../clib/angel/kernel.s                   0x00000000   Number         0  __rtentry.o ABSOLUTE
    ../clib/angel/kernel.s                   0x00000000   Number         0  __rtentry4.o ABSOLUTE
    ../clib/angel/rt.s                       0x00000000   Number         0  rt_raise.o ABSOLUTE
    ../clib/angel/scatter.s                  0x00000000   Number         0  __scatter.o ABSOLUTE
    ../clib/angel/startup.s                  0x00000000   Number         0  __main.o ABSOLUTE
    ../clib/angel/sys.s                      0x00000000   Number         0  use_no_semi.o ABSOLUTE
    ../clib/angel/sys.s                      0x00000000   Number         0  libspace.o ABSOLUTE
    ../clib/angel/sys.s                      0x00000000   Number         0  sys_stackheap_outer.o ABSOLUTE
    ../clib/angel/sys.s                      0x00000000   Number         0  indicate_semi.o ABSOLUTE
    ../clib/angel/sysapp.c                   0x00000000   Number         0  sys_command.o ABSOLUTE
    ../clib/angel/sysapp.c                   0x00000000   Number         0  sys_wrch.o ABSOLUTE
    ../clib/angel/sysapp.c                   0x00000000   Number         0  sys_exit.o ABSOLUTE
    ../clib/armsys.c                         0x00000000   Number         0  no_argv.o ABSOLUTE
    ../clib/armsys.c                         0x00000000   Number         0  _get_argv_nomalloc.o ABSOLUTE
    ../clib/armsys.c                         0x00000000   Number         0  argv_veneer.o ABSOLUTE
    ../clib/armsys.c                         0x00000000   Number         0  argv_veneer.o ABSOLUTE
    ../clib/heapalloc.c                      0x00000000   Number         0  hrguard.o ABSOLUTE
    ../clib/heapaux.c                        0x00000000   Number         0  heapauxi.o ABSOLUTE
    ../clib/libinit.s                        0x00000000   Number         0  libshutdown2.o ABSOLUTE
    ../clib/libinit.s                        0x00000000   Number         0  libshutdown.o ABSOLUTE
    ../clib/libinit.s                        0x00000000   Number         0  libinit2.o ABSOLUTE
    ../clib/libinit.s                        0x00000000   Number         0  libinit.o ABSOLUTE
    ../clib/signal.c                         0x00000000   Number         0  defsig_general.o ABSOLUTE
    ../clib/signal.c                         0x00000000   Number         0  __raise.o ABSOLUTE
    ../clib/signal.c                         0x00000000   Number         0  defsig_rtmem_inner.o ABSOLUTE
    ../clib/signal.c                         0x00000000   Number         0  defsig_exit.o ABSOLUTE
    ../clib/signal.c                         0x00000000   Number         0  defsig_stak_inner.o ABSOLUTE
    ../clib/signal.c                         0x00000000   Number         0  defsig_other.o ABSOLUTE
    ../clib/signal.c                         0x00000000   Number         0  defsig_segv_inner.o ABSOLUTE
    ../clib/signal.c                         0x00000000   Number         0  defsig_rtmem_formal.o ABSOLUTE
    ../clib/signal.c                         0x00000000   Number         0  defsig_rtmem_outer.o ABSOLUTE
    ../clib/signal.c                         0x00000000   Number         0  defsig_cppl_inner.o ABSOLUTE
    ../clib/signal.c                         0x00000000   Number         0  defsig_pvfn_inner.o ABSOLUTE
    ../clib/signal.c                         0x00000000   Number         0  defsig_rtred_inner.o ABSOLUTE
    ../clib/signal.c                         0x00000000   Number         0  defsig_fpe_inner.o ABSOLUTE
    ../clib/signal.c                         0x00000000   Number         0  defsig_abrt_inner.o ABSOLUTE
    ../clib/signal.s                         0x00000000   Number         0  defsig.o ABSOLUTE
    ../clib/stdlib.c                         0x00000000   Number         0  exit.o ABSOLUTE
    ../fplib/fpinit.s                        0x00000000   Number         0  fpinit.o ABSOLUTE
    ..\\qpc\\3rd_party\\ek-tm4c123gxl\\system_TM4C123GH6PM.c 0x00000000   Number         0  system_tm4c123gh6pm.o ABSOLUTE
    ..\\qpc\\ports\\arm-cm\\qxk\\arm\\qxk_port.c 0x00000000   Number         0  qxk_port.o ABSOLUTE
    ..\qpc\3rd_party\ek-tm4c123gxl\arm\startup_TM4C123GH6PM.s 0x00000000   Number         0  startup_tm4c123gh6pm.o ABSOLUTE
    ..\qpc\3rd_party\ek-tm4c123gxl\system_TM4C123GH6PM.c 0x00000000   Number         0  system_tm4c123gh6pm.o ABSOLUTE
    ..\qpc\ports\arm-cm\qxk\arm\qxk_port.c   0x00000000   Number         0  qxk_port.o ABSOLUTE
    ..\qpc\src\qf\qep_hsm.c                  0x00000000   Number         0  qep_hsm.o ABSOLUTE
    ..\qpc\src\qf\qep_msm.c                  0x00000000   Number         0  qep_msm.o ABSOLUTE
    ..\qpc\src\qf\qf_act.c                   0x00000000   Number         0  qf_act.o ABSOLUTE
    ..\qpc\src\qf\qf_actq.c                  0x00000000   Number         0  qf_actq.o ABSOLUTE
    ..\qpc\src\qf\qf_defer.c                 0x00000000   Number         0  qf_defer.o ABSOLUTE
    ..\qpc\src\qf\qf_dyn.c                   0x00000000   Number         0  qf_dyn.o ABSOLUTE
    ..\qpc\src\qf\qf_mem.c                   0x00000000   Number         0  qf_mem.o ABSOLUTE
    ..\qpc\src\qf\qf_ps.c                    0x00000000   Number         0  qf_ps.o ABSOLUTE
    ..\qpc\src\qf\qf_qact.c                  0x00000000   Number         0  qf_qact.o ABSOLUTE
    ..\qpc\src\qf\qf_qeq.c                   0x00000000   Number         0  qf_qeq.o ABSOLUTE
    ..\qpc\src\qf\qf_qmact.c                 0x00000000   Number         0  qf_qmact.o ABSOLUTE
    ..\qpc\src\qf\qf_time.c                  0x00000000   Number         0  qf_time.o ABSOLUTE
    ..\qpc\src\qxk\qxk.c                     0x00000000   Number         0  qxk.o ABSOLUTE
    ..\qpc\src\qxk\qxk_mutex.c               0x00000000   Number         0  qxk_mutex.o ABSOLUTE
    ..\qpc\src\qxk\qxk_sema.c                0x00000000   Number         0  qxk_sema.o ABSOLUTE
    ..\qpc\src\qxk\qxk_xthr.c                0x00000000   Number         0  qxk_xthr.o ABSOLUTE
    bsp.c                                    0x00000000   Number         0  bsp.o ABSOLUTE
    bsp.c                                    0x00000000   Number         0  bsp.o ABSOLUTE
    dc.s                                     0x00000000   Number         0  dc.o ABSOLUTE
    main.c                                   0x00000000   Number         0  main.o ABSOLUTE
    !!!main                                  0x0000026c   Section        8  __main.o(!!!main)
    !!!scatter                               0x00000274   Section       52  __scatter.o(!!!scatter)
    !!handler_copy                           0x000002a8   Section       26  __scatter_copy.o(!!handler_copy)
    !!handler_zi                             0x000002c4   Section       28  __scatter_zi.o(!!handler_zi)
    .ARM.Collect$$libinit$$00000000          0x000002e0   Section        2  libinit.o(.ARM.Collect$$libinit$$00000000)
    .ARM.Collect$$libinit$$00000002          0x000002e2   Section        0  libinit2.o(.ARM.Collect$$libinit$$00000002)
    .ARM.Collect$$libinit$$00000004          0x000002e2   Section        0  libinit2.o(.ARM.Collect$$libinit$$00000004)
    .ARM.Collect$$libinit$$0000000A          0x000002e2   Section        0  libinit2.o(.ARM.Collect$$libinit$$0000000A)
    .ARM.Collect$$libinit$$0000000C          0x000002e2   Section        0  libinit2.o(.ARM.Collect$$libinit$$0000000C)
    .ARM.Collect$$libinit$$0000000E          0x000002e2   Section        0  libinit2.o(.ARM.Collect$$libinit$$0000000E)
    .ARM.Collect$$libinit$$00000011          0x000002e2   Section        0  libinit2.o(.ARM.Collect$$libinit$$00000011)
    .ARM.Collect$$libinit$$00000013          0x000002e2   Section        0  libinit2.o(.ARM.Collect$$libinit$$00000013)
    .ARM.Collect$$libinit$$00000015          0x000002e2   Section        0  libinit2.o(.ARM.Collect$$libinit$$00000015)
    .ARM.Collect$$libinit$$00000017          0x000002e2   Section        0  libinit2.o(.ARM.Collect$$libinit$$00000017)
    .ARM.Collect$$libinit$$00000019          0x000002e2   Section        0  libinit2.o(.ARM.Collect$$libinit$$00000019)
    .ARM.Collect$$libinit$$0000001B          0x000002e2   Section        0  libinit2.o(.ARM.Collect$$libinit$$0000001B)
    .ARM.Collect$$libinit$$0000001D          0x000002e2   Section        0  libinit2.o(.ARM.Collect$$libinit$$0000001D)
    .ARM.Collect$$libinit$$0000001F          0x000002e2   Section        0  libinit2.o(.ARM.Collect$$libinit$$0000001F)
    .ARM.Collect$$libinit$$00000021          0x000002e2   Section        0  libinit2.o(.ARM.Collect$$libinit$$00000021)
    .ARM.Collect$$libinit$$00000023          0x000002e2   Section        0  libinit2.o(.ARM.Collect$$libinit$$00000023)
    .ARM.Collect$$libinit$$00000025          0x000002e2   Section        0  libinit2.o(.ARM.Collect$$libinit$$00000025)
    .ARM.Collect$$libinit$$0000002C          0x000002e2   Section        0  libinit2.o(.ARM.Collect$$libinit$$0000002C)
    .ARM.Collect$$libinit$$0000002E          0x000002e2   Section        0  libinit2.o(.ARM.Collect$$libinit$$0000002E)
    .ARM.Collect$$libinit$$00000030          0x000002e2   Section        0  libinit2.o(.ARM.Collect$$libinit$$00000030)
    .ARM.Collect$$libinit$$00000032          0x000002e2   Section        0  libinit2.o(.ARM.Collect$$libinit$$00000032)
    .ARM.Collect$$libinit$$00000033          0x000002e2   Section        2  libinit2.o(.ARM.Collect$$libinit$$00000033)
    .ARM.Collect$$libshutdown$$00000000      0x000002e4   Section        2  libshutdown.o(.ARM.Collect$$libshutdown$$00000000)
    .ARM.Collect$$libshutdown$$00000002      0x000002e6   Section        0  libshutdown2.o(.ARM.Collect$$libshutdown$$00000002)
    .ARM.Collect$$libshutdown$$00000004      0x000002e6   Section        0  libshutdown2.o(.ARM.Collect$$libshutdown$$00000004)
    .ARM.Collect$$libshutdown$$00000006      0x000002e6   Section        0  libshutdown2.o(.ARM.Collect$$libshutdown$$00000006)
    .ARM.Collect$$libshutdown$$00000009      0x000002e6   Section        0  libshutdown2.o(.ARM.Collect$$libshutdown$$00000009)
    .ARM.Collect$$libshutdown$$0000000C      0x000002e6   Section        0  libshutdown2.o(.ARM.Collect$$libshutdown$$0000000C)
    .ARM.Collect$$libshutdown$$0000000E      0x000002e6   Section        0  libshutdown2.o(.ARM.Collect$$libshutdown$$0000000E)
    .ARM.Collect$$libshutdown$$00000011      0x000002e6   Section        0  libshutdown2.o(.ARM.Collect$$libshutdown$$00000011)
    .ARM.Collect$$libshutdown$$00000012      0x000002e6   Section        2  libshutdown2.o(.ARM.Collect$$libshutdown$$00000012)
    .ARM.Collect$$rtentry$$00000000          0x000002e8   Section        0  __rtentry.o(.ARM.Collect$$rtentry$$00000000)
    .ARM.Collect$$rtentry$$00000002          0x000002e8   Section        0  __rtentry2.o(.ARM.Collect$$rtentry$$00000002)
    .ARM.Collect$$rtentry$$00000004          0x000002e8   Section        6  __rtentry4.o(.ARM.Collect$$rtentry$$00000004)
    .ARM.Collect$$rtentry$$00000009          0x000002ee   Section        0  __rtentry2.o(.ARM.Collect$$rtentry$$00000009)
    .ARM.Collect$$rtentry$$0000000A          0x000002ee   Section        4  __rtentry2.o(.ARM.Collect$$rtentry$$0000000A)
    .ARM.Collect$$rtentry$$0000000C          0x000002f2   Section        0  __rtentry2.o(.ARM.Collect$$rtentry$$0000000C)
    .ARM.Collect$$rtentry$$0000000D          0x000002f2   Section        8  __rtentry2.o(.ARM.Collect$$rtentry$$0000000D)
    .ARM.Collect$$rtexit$$00000000           0x000002fa   Section        2  rtexit.o(.ARM.Collect$$rtexit$$00000000)
    .ARM.Collect$$rtexit$$00000002           0x000002fc   Section        0  rtexit2.o(.ARM.Collect$$rtexit$$00000002)
    .ARM.Collect$$rtexit$$00000003           0x000002fc   Section        4  rtexit2.o(.ARM.Collect$$rtexit$$00000003)
    .ARM.Collect$$rtexit$$00000004           0x00000300   Section        6  rtexit2.o(.ARM.Collect$$rtexit$$00000004)
    .emb_text                                0x00000308   Section      208  qxk_port.o(.emb_text)
    .text                                    0x000003d8   Section      124  startup_tm4c123gh6pm.o(.text)
    .text                                    0x00000454   Section        0  heapauxi.o(.text)
    .text                                    0x0000045a   Section       74  sys_stackheap_outer.o(.text)
    .text                                    0x000004a4   Section        0  exit.o(.text)
    .text                                    0x000004b8   Section        8  libspace.o(.text)
    .text                                    0x000004c0   Section        0  sys_exit.o(.text)
    .text                                    0x000004cc   Section        2  use_no_semi.o(.text)
    .text                                    0x000004ce   Section        0  indicate_semi.o(.text)
    i.BSP_init                               0x000004d0   Section        0  bsp.o(i.BSP_init)
    i.BSP_ledBlueOff                         0x00000514   Section        0  bsp.o(i.BSP_ledBlueOff)
    i.BSP_ledBlueOn                          0x00000520   Section        0  bsp.o(i.BSP_ledBlueOn)
    i.BSP_ledGreenOff                        0x0000052c   Section        0  bsp.o(i.BSP_ledGreenOff)
    i.BSP_ledGreenOn                         0x00000538   Section        0  bsp.o(i.BSP_ledGreenOn)
    i.QActive_ctor                           0x00000544   Section        0  qf_qact.o(i.QActive_ctor)
    i.QActive_get_                           0x00000564   Section        0  qf_actq.o(i.QActive_get_)
    i.QActive_postLIFO_                      0x000005ec   Section        0  qf_actq.o(i.QActive_postLIFO_)
    i.QActive_post_                          0x000006a0   Section        0  qf_actq.o(i.QActive_post_)
    i.QActive_start_                         0x0000078c   Section        0  qxk.o(i.QActive_start_)
    i.QEQueue_init                           0x00000830   Section        0  qf_qeq.o(i.QEQueue_init)
    i.QF_add_                                0x00000848   Section        0  qf_act.o(i.QF_add_)
    i.QF_bzero                               0x0000089c   Section        0  qf_act.o(i.QF_bzero)
    i.QF_gc                                  0x000008b4   Section        0  qf_dyn.o(i.QF_gc)
    i.QF_get_BASEPRI                         0x0000092c   Section        0  qf_actq.o(i.QF_get_BASEPRI)
    QF_get_BASEPRI                           0x0000092d   Thumb Code     6  qf_actq.o(i.QF_get_BASEPRI)
    i.QF_get_BASEPRI                         0x00000932   Section        0  qf_time.o(i.QF_get_BASEPRI)
    QF_get_BASEPRI                           0x00000933   Thumb Code     6  qf_time.o(i.QF_get_BASEPRI)
    i.QF_get_BASEPRI                         0x00000938   Section        0  qxk.o(i.QF_get_BASEPRI)
    QF_get_BASEPRI                           0x00000939   Thumb Code     6  qxk.o(i.QF_get_BASEPRI)
    i.QF_get_BASEPRI                         0x0000093e   Section        0  qxk_xthr.o(i.QF_get_BASEPRI)
    QF_get_BASEPRI                           0x0000093f   Thumb Code     6  qxk_xthr.o(i.QF_get_BASEPRI)
    i.QF_init                                0x00000944   Section        0  qxk.o(i.QF_init)
    i.QF_onStartup                           0x000009ac   Section        0  bsp.o(i.QF_onStartup)
    i.QF_run                                 0x000009ae   Section        0  qxk.o(i.QF_run)
    i.QF_set_BASEPRI                         0x000009d2   Section        0  qf_act.o(i.QF_set_BASEPRI)
    QF_set_BASEPRI                           0x000009d3   Thumb Code     6  qf_act.o(i.QF_set_BASEPRI)
    i.QF_set_BASEPRI                         0x000009d8   Section        0  qf_actq.o(i.QF_set_BASEPRI)
    QF_set_BASEPRI                           0x000009d9   Thumb Code     6  qf_actq.o(i.QF_set_BASEPRI)
    i.QF_set_BASEPRI                         0x000009de   Section        0  qf_dyn.o(i.QF_set_BASEPRI)
    QF_set_BASEPRI                           0x000009df   Thumb Code     6  qf_dyn.o(i.QF_set_BASEPRI)
    i.QF_set_BASEPRI                         0x000009e4   Section        0  qf_mem.o(i.QF_set_BASEPRI)
    QF_set_BASEPRI                           0x000009e5   Thumb Code     6  qf_mem.o(i.QF_set_BASEPRI)
    i.QF_set_BASEPRI                         0x000009ea   Section        0  qf_time.o(i.QF_set_BASEPRI)
    QF_set_BASEPRI                           0x000009eb   Thumb Code     6  qf_time.o(i.QF_set_BASEPRI)
    i.QF_set_BASEPRI                         0x000009f0   Section        0  qxk.o(i.QF_set_BASEPRI)
    QF_set_BASEPRI                           0x000009f1   Thumb Code     6  qxk.o(i.QF_set_BASEPRI)
    i.QF_set_BASEPRI                         0x000009f6   Section        0  qxk_xthr.o(i.QF_set_BASEPRI)
    QF_set_BASEPRI                           0x000009f7   Thumb Code     6  qxk_xthr.o(i.QF_set_BASEPRI)
    i.QF_tickX_                              0x000009fc   Section        0  qf_time.o(i.QF_tickX_)
    i.QHsm_ctor                              0x00000af4   Section        0  qep_hsm.o(i.QHsm_ctor)
    i.QHsm_dispatch_                         0x00000b08   Section        0  qep_hsm.o(i.QHsm_dispatch_)
    i.QHsm_init_                             0x00000c14   Section        0  qep_hsm.o(i.QHsm_init_)
    i.QHsm_top                               0x00000cc8   Section        0  qep_hsm.o(i.QHsm_top)
    i.QHsm_tran_                             0x00000cd0   Section        0  qep_hsm.o(i.QHsm_tran_)
    QHsm_tran_                               0x00000cd1   Thumb Code   338  qep_hsm.o(i.QHsm_tran_)
    i.QMPool_put                             0x00000e2c   Section        0  qf_mem.o(i.QMPool_put)
    i.QTicker_dispatch_                      0x00000e88   Section        0  qf_actq.o(i.QTicker_dispatch_)
    QTicker_dispatch_                        0x00000e89   Thumb Code    64  qf_actq.o(i.QTicker_dispatch_)
    i.QTicker_init_                          0x00000ec8   Section        0  qf_actq.o(i.QTicker_init_)
    QTicker_init_                            0x00000ec9   Thumb Code     6  qf_actq.o(i.QTicker_init_)
    i.QTicker_postLIFO_                      0x00000ed0   Section        0  qf_actq.o(i.QTicker_postLIFO_)
    QTicker_postLIFO_                        0x00000ed1   Thumb Code    10  qf_actq.o(i.QTicker_postLIFO_)
    i.QTicker_post_                          0x00000ee0   Section        0  qf_actq.o(i.QTicker_post_)
    QTicker_post_                            0x00000ee1   Thumb Code   120  qf_actq.o(i.QTicker_post_)
    i.QTimeEvt_ctorX                         0x00000f60   Section        0  qf_time.o(i.QTimeEvt_ctorX)
    i.QXK_activate_                          0x00000f98   Section        0  qxk.o(i.QXK_activate_)
    i.QXK_get_IPSR                           0x0000109c   Section        0  qxk_xthr.o(i.QXK_get_IPSR)
    QXK_get_IPSR                             0x0000109d   Thumb Code     6  qxk_xthr.o(i.QXK_get_IPSR)
    i.QXK_init                               0x000010a4   Section        0  qxk_port.o(i.QXK_init)
    i.QXK_onIdle                             0x00001110   Section        0  bsp.o(i.QXK_onIdle)
    i.QXK_sched_                             0x00001114   Section        0  qxk.o(i.QXK_sched_)
    i.QXK_stackInit_                         0x000011e4   Section        0  qxk_port.o(i.QXK_stackInit_)
    i.QXK_threadRet_                         0x00001290   Section        0  qxk_xthr.o(i.QXK_threadRet_)
    i.QXThread_block_                        0x00001310   Section        0  qxk_xthr.o(i.QXThread_block_)
    i.QXThread_ctor                          0x00001350   Section        0  qxk_xthr.o(i.QXThread_ctor)
    i.QXThread_delay                         0x00001380   Section        0  qxk_xthr.o(i.QXThread_delay)
    i.QXThread_dispatch_                     0x0000143c   Section        0  qxk_xthr.o(i.QXThread_dispatch_)
    QXThread_dispatch_                       0x0000143d   Thumb Code     8  qxk_xthr.o(i.QXThread_dispatch_)
    i.QXThread_init_                         0x00001448   Section        0  qxk_xthr.o(i.QXThread_init_)
    QXThread_init_                           0x00001449   Thumb Code     8  qxk_xthr.o(i.QXThread_init_)
    i.QXThread_postLIFO_                     0x00001454   Section        0  qxk_xthr.o(i.QXThread_postLIFO_)
    QXThread_postLIFO_                       0x00001455   Thumb Code    10  qxk_xthr.o(i.QXThread_postLIFO_)
    i.QXThread_post_                         0x00001464   Section        0  qxk_xthr.o(i.QXThread_post_)
    QXThread_post_                           0x00001465   Thumb Code   306  qxk_xthr.o(i.QXThread_post_)
    i.QXThread_start_                        0x000015a0   Section        0  qxk_xthr.o(i.QXThread_start_)
    QXThread_start_                          0x000015a1   Thumb Code   158  qxk_xthr.o(i.QXThread_start_)
    i.QXThread_teArm_                        0x00001648   Section        0  qxk_xthr.o(i.QXThread_teArm_)
    i.QXThread_teDisarm_                     0x000016c0   Section        0  qxk_xthr.o(i.QXThread_teDisarm_)
    i.QXThread_unblock_                      0x000016d4   Section        0  qxk_xthr.o(i.QXThread_unblock_)
    i.Q_onAssert                             0x00001708   Section        0  bsp.o(i.Q_onAssert)
    i.SysTick_Handler                        0x00001734   Section        0  bsp.o(i.SysTick_Handler)
    i.SystemInit                             0x00001778   Section        0  system_tm4c123gh6pm.o(i.SystemInit)
    i.initial_events                         0x0000181c   Section        0  qxk.o(i.initial_events)
    initial_events                           0x0000181d   Thumb Code    20  qxk.o(i.initial_events)
    i.main                                   0x00001834   Section        0  main.o(i.main)
    i.main_blinky1                           0x000018d8   Section        0  main.o(i.main_blinky1)
    i.main_blinky2                           0x000018f0   Section        0  main.o(i.main_blinky2)
    .constdata                               0x00001908   Section        7  main.o(.constdata)
    Q_this_module_                           0x00001908   Data           7  main.o(.constdata)
    .constdata                               0x00001910   Section       40  qep_hsm.o(.constdata)
    Q_this_module_                           0x00001910   Data           8  qep_hsm.o(.constdata)
    QEP_reservedEvt_                         0x00001920   Data          16  qep_hsm.o(.constdata)
    vtable                                   0x00001930   Data           8  qep_hsm.o(.constdata)
    .constdata                               0x00001938   Section        7  qf_act.o(.constdata)
    Q_this_module_                           0x00001938   Data           7  qf_act.o(.constdata)
    .constdata                               0x00001940   Section       32  qf_actq.o(.constdata)
    Q_this_module_                           0x00001940   Data           8  qf_actq.o(.constdata)
    vtable                                   0x00001948   Data          20  qf_actq.o(.constdata)
    tickEvt                                  0x0000195c   Data           4  qf_actq.o(.constdata)
    .constdata                               0x00001960   Section        7  qf_dyn.o(.constdata)
    Q_this_module_                           0x00001960   Data           7  qf_dyn.o(.constdata)
    .constdata                               0x00001967   Section        7  qf_mem.o(.constdata)
    Q_this_module_                           0x00001967   Data           7  qf_mem.o(.constdata)
    .constdata                               0x00001970   Section       20  qf_qact.o(.constdata)
    vtable                                   0x00001970   Data          20  qf_qact.o(.constdata)
    .constdata                               0x00001984   Section        8  qf_time.o(.constdata)
    Q_this_module_                           0x00001984   Data           8  qf_time.o(.constdata)
    .constdata                               0x0000198c   Section        4  qxk.o(.constdata)
    Q_this_module_                           0x0000198c   Data           4  qxk.o(.constdata)
    .constdata                               0x00001990   Section       32  qxk_xthr.o(.constdata)
    Q_this_module_                           0x00001990   Data           9  qxk_xthr.o(.constdata)
    vtable                                   0x0000199c   Data          20  qxk_xthr.o(.constdata)
    .data                                    0x20000000   Section        4  qf_dyn.o(.data)
    .data                                    0x20000004   Section        8  qf_ps.o(.data)
    .bss                                     0x2000000c   Section      648  main.o(.bss)
    .bss                                     0x20000294   Section      132  qf_act.o(.bss)
    .bss                                     0x20000318   Section       60  qf_dyn.o(.bss)
    .bss                                     0x20000354   Section       32  qf_time.o(.bss)
    .bss                                     0x20000374   Section       60  qxk.o(.bss)
    l_idleThread                             0x20000388   Data          40  qxk.o(.bss)
    .bss                                     0x200003b0   Section       96  libspace.o(.bss)
    HEAP                                     0x20000410   Section       16  startup_tm4c123gh6pm.o(HEAP)
    __heap_base                              0x20000410   Data           0  startup_tm4c123gh6pm.o(HEAP)
    STACK                                    0x20000420   Section     1024  startup_tm4c123gh6pm.o(STACK)
    __heap_limit                             0x20000420   Data           0  startup_tm4c123gh6pm.o(HEAP)
    __stack_base                             0x20000420   Data           0  startup_tm4c123gh6pm.o(STACK)
    __initial_sp                             0x20000820   Data           0  startup_tm4c123gh6pm.o(STACK)
    __stack_limit                            0x20000820   Data           0  startup_tm4c123gh6pm.o(STACK)

    Global Symbols

    Symbol Name                              Value     Ov Type        Size  Object(Section)

    BuildAttributes$$THM_ISAv4$E$P$D$K$B$S$7EM$PE$A:L22UL41UL21$X:L11$S22US41US21$IEEE1$IW$USESV6$~STKCKD$USESV7$~SHL$OSPACE$ROPI$EBA8$UX$STANDARDLIB$REQ8$PRES8$EABIv2 0x00000000   Number         0  anon$$obj.o ABSOLUTE
    __ARM_use_no_argv                        0x00000000   Number         0  main.o ABSOLUTE
    __Vectors                                0x00000000   Data           0  startup_tm4c123gh6pm.o(RESET)
    __ARM_exceptions_init                     - Undefined Weak Reference
    __alloca_initialize                       - Undefined Weak Reference
    __arm_fini_                               - Undefined Weak Reference
    __arm_preinit_                            - Undefined Weak Reference
    __cpp_initialize__aeabi_                  - Undefined Weak Reference
    __cxa_finalize                            - Undefined Weak Reference
    __rt_locale                               - Undefined Weak Reference
    __sigvec_lookup                           - Undefined Weak Reference
    _atexit_init                              - Undefined Weak Reference
    _call_atexit_fns                          - Undefined Weak Reference
    _clock_init                               - Undefined Weak Reference
    _fp_trap_init                             - Undefined Weak Reference
    _fp_trap_shutdown                         - Undefined Weak Reference
    _get_lc_collate                           - Undefined Weak Reference
    _get_lc_ctype                             - Undefined Weak Reference
    _get_lc_monetary                          - Undefined Weak Reference
    _get_lc_numeric                           - Undefined Weak Reference
    _get_lc_time                              - Undefined Weak Reference
    _getenv_init                              - Undefined Weak Reference
    _handle_redirection                       - Undefined Weak Reference
    _init_alloc                               - Undefined Weak Reference
    _init_user_alloc                          - Undefined Weak Reference
    _initio                                   - Undefined Weak Reference
    _rand_init                                - Undefined Weak Reference
    _signal_finish                            - Undefined Weak Reference
    _signal_init                              - Undefined Weak Reference
    _terminate_alloc                          - Undefined Weak Reference
    _terminate_user_alloc                     - Undefined Weak Reference
    _terminateio                              - Undefined Weak Reference
    __Vectors_End                            0x0000026c   Data           0  startup_tm4c123gh6pm.o(RESET)
    __Vectors_Size                           0x0000026c   Number         0  startup_tm4c123gh6pm.o ABSOLUTE
    __main                                   0x0000026d   Thumb Code     8  __main.o(!!!main)
    __scatterload                            0x00000275   Thumb Code     0  __scatter.o(!!!scatter)
    __scatterload_rt2                        0x00000275   Thumb Code    44  __scatter.o(!!!scatter)
    __scatterload_rt2_thumb_only             0x00000275   Thumb Code     0  __scatter.o(!!!scatter)
    __scatterload_null                       0x00000283   Thumb Code     0  __scatter.o(!!!scatter)
    __scatterload_copy                       0x000002a9   Thumb Code    26  __scatter_copy.o(!!handler_copy)
    __scatterload_zeroinit                   0x000002c5   Thumb Code    28  __scatter_zi.o(!!handler_zi)
    __rt_lib_init                            0x000002e1   Thumb Code     0  libinit.o(.ARM.Collect$$libinit$$00000000)
    __rt_lib_init_alloca_1                   0x000002e3   Thumb Code     0  libinit2.o(.ARM.Collect$$libinit$$0000002E)
    __rt_lib_init_argv_1                     0x000002e3   Thumb Code     0  libinit2.o(.ARM.Collect$$libinit$$0000002C)
    __rt_lib_init_atexit_1                   0x000002e3   Thumb Code     0  libinit2.o(.ARM.Collect$$libinit$$0000001B)
    __rt_lib_init_clock_1                    0x000002e3   Thumb Code     0  libinit2.o(.ARM.Collect$$libinit$$00000021)
    __rt_lib_init_cpp_1                      0x000002e3   Thumb Code     0  libinit2.o(.ARM.Collect$$libinit$$00000032)
    __rt_lib_init_exceptions_1               0x000002e3   Thumb Code     0  libinit2.o(.ARM.Collect$$libinit$$00000030)
    __rt_lib_init_fp_1                       0x000002e3   Thumb Code     0  libinit2.o(.ARM.Collect$$libinit$$00000002)
    __rt_lib_init_fp_trap_1                  0x000002e3   Thumb Code     0  libinit2.o(.ARM.Collect$$libinit$$0000001F)
    __rt_lib_init_getenv_1                   0x000002e3   Thumb Code     0  libinit2.o(.ARM.Collect$$libinit$$00000023)
    __rt_lib_init_heap_1                     0x000002e3   Thumb Code     0  libinit2.o(.ARM.Collect$$libinit$$0000000A)
    __rt_lib_init_lc_collate_1               0x000002e3   Thumb Code     0  libinit2.o(.ARM.Collect$$libinit$$00000011)
    __rt_lib_init_lc_ctype_1                 0x000002e3   Thumb Code     0  libinit2.o(.ARM.Collect$$libinit$$00000013)
    __rt_lib_init_lc_monetary_1              0x000002e3   Thumb Code     0  libinit2.o(.ARM.Collect$$libinit$$00000015)
    __rt_lib_init_lc_numeric_1               0x000002e3   Thumb Code     0  libinit2.o(.ARM.Collect$$libinit$$00000017)
    __rt_lib_init_lc_time_1                  0x000002e3   Thumb Code     0  libinit2.o(.ARM.Collect$$libinit$$00000019)
    __rt_lib_init_preinit_1                  0x000002e3   Thumb Code     0  libinit2.o(.ARM.Collect$$libinit$$00000004)
    __rt_lib_init_rand_1                     0x000002e3   Thumb Code     0  libinit2.o(.ARM.Collect$$libinit$$0000000E)
    __rt_lib_init_return                     0x000002e3   Thumb Code     0  libinit2.o(.ARM.Collect$$libinit$$00000033)
    __rt_lib_init_signal_1                   0x000002e3   Thumb Code     0  libinit2.o(.ARM.Collect$$libinit$$0000001D)
    __rt_lib_init_stdio_1                    0x000002e3   Thumb Code     0  libinit2.o(.ARM.Collect$$libinit$$00000025)
    __rt_lib_init_user_alloc_1               0x000002e3   Thumb Code     0  libinit2.o(.ARM.Collect$$libinit$$0000000C)
    __rt_lib_shutdown                        0x000002e5   Thumb Code     0  libshutdown.o(.ARM.Collect$$libshutdown$$00000000)
    __rt_lib_shutdown_cpp_1                  0x000002e7   Thumb Code     0  libshutdown2.o(.ARM.Collect$$libshutdown$$00000004)
    __rt_lib_shutdown_fini_1                 0x000002e7   Thumb Code     0  libshutdown2.o(.ARM.Collect$$libshutdown$$00000002)
    __rt_lib_shutdown_fp_trap_1              0x000002e7   Thumb Code     0  libshutdown2.o(.ARM.Collect$$libshutdown$$00000009)
    __rt_lib_shutdown_heap_1                 0x000002e7   Thumb Code     0  libshutdown2.o(.ARM.Collect$$libshutdown$$00000011)
    __rt_lib_shutdown_return                 0x000002e7   Thumb Code     0  libshutdown2.o(.ARM.Collect$$libshutdown$$00000012)
    __rt_lib_shutdown_signal_1               0x000002e7   Thumb Code     0  libshutdown2.o(.ARM.Collect$$libshutdown$$0000000C)
    __rt_lib_shutdown_stdio_1                0x000002e7   Thumb Code     0  libshutdown2.o(.ARM.Collect$$libshutdown$$00000006)
    __rt_lib_shutdown_user_alloc_1           0x000002e7   Thumb Code     0  libshutdown2.o(.ARM.Collect$$libshutdown$$0000000E)
    __rt_entry                               0x000002e9   Thumb Code     0  __rtentry.o(.ARM.Collect$$rtentry$$00000000)
    __rt_entry_presh_1                       0x000002e9   Thumb Code     0  __rtentry2.o(.ARM.Collect$$rtentry$$00000002)
    __rt_entry_sh                            0x000002e9   Thumb Code     0  __rtentry4.o(.ARM.Collect$$rtentry$$00000004)
    __rt_entry_li                            0x000002ef   Thumb Code     0  __rtentry2.o(.ARM.Collect$$rtentry$$0000000A)
    __rt_entry_postsh_1                      0x000002ef   Thumb Code     0  __rtentry2.o(.ARM.Collect$$rtentry$$00000009)
    __rt_entry_main                          0x000002f3   Thumb Code     0  __rtentry2.o(.ARM.Collect$$rtentry$$0000000D)
    __rt_entry_postli_1                      0x000002f3   Thumb Code     0  __rtentry2.o(.ARM.Collect$$rtentry$$0000000C)
    __rt_exit                                0x000002fb   Thumb Code     0  rtexit.o(.ARM.Collect$$rtexit$$00000000)
    __rt_exit_ls                             0x000002fd   Thumb Code     0  rtexit2.o(.ARM.Collect$$rtexit$$00000003)
    __rt_exit_prels_1                        0x000002fd   Thumb Code     0  rtexit2.o(.ARM.Collect$$rtexit$$00000002)
    __rt_exit_exit                           0x00000301   Thumb Code     0  rtexit2.o(.ARM.Collect$$rtexit$$00000004)
    PendSV_Handler                           0x00000309   Thumb Code   164  qxk_port.o(.emb_text)
    QXK_thread_ret                           0x000003bd   Thumb Code    12  qxk_port.o(.emb_text)
    NMI_Handler                              0x000003cd   Thumb Code    12  qxk_port.o(.emb_text)
    Reset_Handler                            0x000003d9   Thumb Code    14  startup_tm4c123gh6pm.o(.text)
    HardFault_Handler                        0x000003ed   Thumb Code     6  startup_tm4c123gh6pm.o(.text)
    MemManage_Handler                        0x000003f3   Thumb Code     6  startup_tm4c123gh6pm.o(.text)
    BusFault_Handler                         0x000003f9   Thumb Code     6  startup_tm4c123gh6pm.o(.text)
    UsageFault_Handler                       0x000003ff   Thumb Code     6  startup_tm4c123gh6pm.o(.text)
    SVC_Handler                              0x00000405   Thumb Code     6  startup_tm4c123gh6pm.o(.text)
    DebugMon_Handler                         0x0000040b   Thumb Code     6  startup_tm4c123gh6pm.o(.text)
    ADC1Seq0_IRQHandler                      0x0000041d   Thumb Code     0  startup_tm4c123gh6pm.o(.text)
    ADC1Seq1_IRQHandler                      0x0000041d   Thumb Code     0  startup_tm4c123gh6pm.o(.text)
    ADC1Seq2_IRQHandler                      0x0000041d   Thumb Code     0  startup_tm4c123gh6pm.o(.text)
    ADC1Seq3_IRQHandler                      0x0000041d   Thumb Code     0  startup_tm4c123gh6pm.o(.text)
    ADCSeq0_IRQHandler                       0x0000041d   Thumb Code     0  startup_tm4c123gh6pm.o(.text)
    ADCSeq1_IRQHandler                       0x0000041d   Thumb Code     0  startup_tm4c123gh6pm.o(.text)
    ADCSeq2_IRQHandler                       0x0000041d   Thumb Code     0  startup_tm4c123gh6pm.o(.text)
    ADCSeq3_IRQHandler                       0x0000041d   Thumb Code     0  startup_tm4c123gh6pm.o(.text)
    CAN0_IRQHandler                          0x0000041d   Thumb Code     0  startup_tm4c123gh6pm.o(.text)
    CAN1_IRQHandler                          0x0000041d   Thumb Code     0  startup_tm4c123gh6pm.o(.text)
    CAN2_IRQHandler                          0x0000041d   Thumb Code     0  startup_tm4c123gh6pm.o(.text)
    Comp0_IRQHandler                         0x0000041d   Thumb Code     0  startup_tm4c123gh6pm.o(.text)
    Comp1_IRQHandler                         0x0000041d   Thumb Code     0  startup_tm4c123gh6pm.o(.text)
    Comp2_IRQHandler                         0x0000041d   Thumb Code     0  startup_tm4c123gh6pm.o(.text)
    FPU_IRQHandler                           0x0000041d   Thumb Code     0  startup_tm4c123gh6pm.o(.text)
    FlashCtrl_IRQHandler                     0x0000041d   Thumb Code     0  startup_tm4c123gh6pm.o(.text)
    GPIOPortA_IRQHandler                     0x0000041d   Thumb Code     0  startup_tm4c123gh6pm.o(.text)
    GPIOPortB_IRQHandler                     0x0000041d   Thumb Code     0  startup_tm4c123gh6pm.o(.text)
    GPIOPortC_IRQHandler                     0x0000041d   Thumb Code     0  startup_tm4c123gh6pm.o(.text)
    GPIOPortD_IRQHandler                     0x0000041d   Thumb Code     0  startup_tm4c123gh6pm.o(.text)
    GPIOPortE_IRQHandler                     0x0000041d   Thumb Code     0  startup_tm4c123gh6pm.o(.text)
    GPIOPortF_IRQHandler                     0x0000041d   Thumb Code     0  startup_tm4c123gh6pm.o(.text)
    GPIOPortG_IRQHandler                     0x0000041d   Thumb Code     0  startup_tm4c123gh6pm.o(.text)
    GPIOPortH_IRQHandler                     0x0000041d   Thumb Code     0  startup_tm4c123gh6pm.o(.text)
    GPIOPortJ_IRQHandler                     0x0000041d   Thumb Code     0  startup_tm4c123gh6pm.o(.text)
    GPIOPortK_IRQHandler                     0x0000041d   Thumb Code     0  startup_tm4c123gh6pm.o(.text)
    GPIOPortL_IRQHandler                     0x0000041d   Thumb Code     0  startup_tm4c123gh6pm.o(.text)
    GPIOPortM_IRQHandler                     0x0000041d   Thumb Code     0  startup_tm4c123gh6pm.o(.text)
    GPIOPortN_IRQHandler                     0x0000041d   Thumb Code     0  startup_tm4c123gh6pm.o(.text)
    GPIOPortP0_IRQHandler                    0x0000041d   Thumb Code     0  startup_tm4c123gh6pm.o(.text)
    GPIOPortP1_IRQHandler                    0x0000041d   Thumb Code     0  startup_tm4c123gh6pm.o(.text)
    GPIOPortP2_IRQHandler                    0x0000041d   Thumb Code     0  startup_tm4c123gh6pm.o(.text)
    GPIOPortP3_IRQHandler                    0x0000041d   Thumb Code     0  startup_tm4c123gh6pm.o(.text)
    GPIOPortP4_IRQHandler                    0x0000041d   Thumb Code     0  startup_tm4c123gh6pm.o(.text)
    GPIOPortP5_IRQHandler                    0x0000041d   Thumb Code     0  startup_tm4c123gh6pm.o(.text)
    GPIOPortP6_IRQHandler                    0x0000041d   Thumb Code     0  startup_tm4c123gh6pm.o(.text)
    GPIOPortP7_IRQHandler                    0x0000041d   Thumb Code     0  startup_tm4c123gh6pm.o(.text)
    GPIOPortQ0_IRQHandler                    0x0000041d   Thumb Code     0  startup_tm4c123gh6pm.o(.text)
    GPIOPortQ1_IRQHandler                    0x0000041d   Thumb Code     0  startup_tm4c123gh6pm.o(.text)
    GPIOPortQ2_IRQHandler                    0x0000041d   Thumb Code     0  startup_tm4c123gh6pm.o(.text)
    GPIOPortQ3_IRQHandler                    0x0000041d   Thumb Code     0  startup_tm4c123gh6pm.o(.text)
    GPIOPortQ4_IRQHandler                    0x0000041d   Thumb Code     0  startup_tm4c123gh6pm.o(.text)
    GPIOPortQ5_IRQHandler                    0x0000041d   Thumb Code     0  startup_tm4c123gh6pm.o(.text)
    GPIOPortQ6_IRQHandler                    0x0000041d   Thumb Code     0  startup_tm4c123gh6pm.o(.text)
    GPIOPortQ7_IRQHandler                    0x0000041d   Thumb Code     0  startup_tm4c123gh6pm.o(.text)
    GPIOPortR_IRQHandler                     0x0000041d   Thumb Code     0  startup_tm4c123gh6pm.o(.text)
    GPIOPortS_IRQHandler                     0x0000041d   Thumb Code     0  startup_tm4c123gh6pm.o(.text)
    Hibernate_IRQHandler                     0x0000041d   Thumb Code     0  startup_tm4c123gh6pm.o(.text)
    I2C0_IRQHandler                          0x0000041d   Thumb Code     0  startup_tm4c123gh6pm.o(.text)
    I2C1_IRQHandler                          0x0000041d   Thumb Code     0  startup_tm4c123gh6pm.o(.text)
    I2C2_IRQHandler                          0x0000041d   Thumb Code     0  startup_tm4c123gh6pm.o(.text)
    I2C3_IRQHandler                          0x0000041d   Thumb Code     0  startup_tm4c123gh6pm.o(.text)
    I2C4_IRQHandler                          0x0000041d   Thumb Code     0  startup_tm4c123gh6pm.o(.text)
    I2C5_IRQHandler                          0x0000041d   Thumb Code     0  startup_tm4c123gh6pm.o(.text)
    PWM1Fault_IRQHandler                     0x0000041d   Thumb Code     0  startup_tm4c123gh6pm.o(.text)
    PWM1Gen0_IRQHandler                      0x0000041d   Thumb Code     0  startup_tm4c123gh6pm.o(.text)
    PWM1Gen1_IRQHandler                      0x0000041d   Thumb Code     0  startup_tm4c123gh6pm.o(.text)
    PWM1Gen2_IRQHandler                      0x0000041d   Thumb Code     0  startup_tm4c123gh6pm.o(.text)
    PWM1Gen3_IRQHandler                      0x0000041d   Thumb Code     0  startup_tm4c123gh6pm.o(.text)
    PWMFault_IRQHandler                      0x0000041d   Thumb Code     0  startup_tm4c123gh6pm.o(.text)
    PWMGen0_IRQHandler                       0x0000041d   Thumb Code     0  startup_tm4c123gh6pm.o(.text)
    PWMGen1_IRQHandler                       0x0000041d   Thumb Code     0  startup_tm4c123gh6pm.o(.text)
    PWMGen2_IRQHandler                       0x0000041d   Thumb Code     0  startup_tm4c123gh6pm.o(.text)
    PWMGen3_IRQHandler                       0x0000041d   Thumb Code     0  startup_tm4c123gh6pm.o(.text)
    QEI0_IRQHandler                          0x0000041d   Thumb Code     0  startup_tm4c123gh6pm.o(.text)
    QEI1_IRQHandler                          0x0000041d   Thumb Code     0  startup_tm4c123gh6pm.o(.text)
    QEI2_IRQHandler                          0x0000041d   Thumb Code     0  startup_tm4c123gh6pm.o(.text)
    SSI0_IRQHandler                          0x0000041d   Thumb Code     0  startup_tm4c123gh6pm.o(.text)
    SSI1_IRQHandler                          0x0000041d   Thumb Code     0  startup_tm4c123gh6pm.o(.text)
    SSI2_IRQHandler                          0x0000041d   Thumb Code     0  startup_tm4c123gh6pm.o(.text)
    SSI3_IRQHandler                          0x0000041d   Thumb Code     0  startup_tm4c123gh6pm.o(.text)
    SysCtrl_IRQHandler                       0x0000041d   Thumb Code     0  startup_tm4c123gh6pm.o(.text)
    Timer0A_IRQHandler                       0x0000041d   Thumb Code     0  startup_tm4c123gh6pm.o(.text)
    Timer0B_IRQHandler                       0x0000041d   Thumb Code     0  startup_tm4c123gh6pm.o(.text)
    Timer1A_IRQHandler                       0x0000041d   Thumb Code     0  startup_tm4c123gh6pm.o(.text)
    Timer1B_IRQHandler                       0x0000041d   Thumb Code     0  startup_tm4c123gh6pm.o(.text)
    Timer2A_IRQHandler                       0x0000041d   Thumb Code     0  startup_tm4c123gh6pm.o(.text)
    Timer2B_IRQHandler                       0x0000041d   Thumb Code     0  startup_tm4c123gh6pm.o(.text)
    Timer3A_IRQHandler                       0x0000041d   Thumb Code     0  startup_tm4c123gh6pm.o(.text)
    Timer3B_IRQHandler                       0x0000041d   Thumb Code     0  startup_tm4c123gh6pm.o(.text)
    Timer4A_IRQHandler                       0x0000041d   Thumb Code     0  startup_tm4c123gh6pm.o(.text)
    Timer4B_IRQHandler                       0x0000041d   Thumb Code     0  startup_tm4c123gh6pm.o(.text)
    Timer5A_IRQHandler                       0x0000041d   Thumb Code     0  startup_tm4c123gh6pm.o(.text)
    Timer5B_IRQHandler                       0x0000041d   Thumb Code     0  startup_tm4c123gh6pm.o(.text)
    UART0_IRQHandler                         0x0000041d   Thumb Code     0  startup_tm4c123gh6pm.o(.text)
    UART1_IRQHandler                         0x0000041d   Thumb Code     0  startup_tm4c123gh6pm.o(.text)
    UART2_IRQHandler                         0x0000041d   Thumb Code     0  startup_tm4c123gh6pm.o(.text)
    UART3_IRQHandler                         0x0000041d   Thumb Code     0  startup_tm4c123gh6pm.o(.text)
    UART4_IRQHandler                         0x0000041d   Thumb Code     0  startup_tm4c123gh6pm.o(.text)
    UART5_IRQHandler                         0x0000041d   Thumb Code     0  startup_tm4c123gh6pm.o(.text)
    UART6_IRQHandler                         0x0000041d   Thumb Code     0  startup_tm4c123gh6pm.o(.text)
    UART7_IRQHandler                         0x0000041d   Thumb Code     0  startup_tm4c123gh6pm.o(.text)
    USB0_IRQHandler                          0x0000041d   Thumb Code     0  startup_tm4c123gh6pm.o(.text)
    Watchdog_IRQHandler                      0x0000041d   Thumb Code     0  startup_tm4c123gh6pm.o(.text)
    WideTimer0A_IRQHandler                   0x0000041d   Thumb Code     0  startup_tm4c123gh6pm.o(.text)
    WideTimer0B_IRQHandler                   0x0000041d   Thumb Code     0  startup_tm4c123gh6pm.o(.text)
    WideTimer1A_IRQHandler                   0x0000041d   Thumb Code     0  startup_tm4c123gh6pm.o(.text)
    WideTimer1B_IRQHandler                   0x0000041d   Thumb Code     0  startup_tm4c123gh6pm.o(.text)
    WideTimer2A_IRQHandler                   0x0000041d   Thumb Code     0  startup_tm4c123gh6pm.o(.text)
    WideTimer2B_IRQHandler                   0x0000041d   Thumb Code     0  startup_tm4c123gh6pm.o(.text)
    WideTimer3A_IRQHandler                   0x0000041d   Thumb Code     0  startup_tm4c123gh6pm.o(.text)
    WideTimer3B_IRQHandler                   0x0000041d   Thumb Code     0  startup_tm4c123gh6pm.o(.text)
    WideTimer4A_IRQHandler                   0x0000041d   Thumb Code     0  startup_tm4c123gh6pm.o(.text)
    WideTimer4B_IRQHandler                   0x0000041d   Thumb Code     0  startup_tm4c123gh6pm.o(.text)
    WideTimer5A_IRQHandler                   0x0000041d   Thumb Code     0  startup_tm4c123gh6pm.o(.text)
    WideTimer5B_IRQHandler                   0x0000041d   Thumb Code     0  startup_tm4c123gh6pm.o(.text)
    uDMAError_IRQHandler                     0x0000041d   Thumb Code     0  startup_tm4c123gh6pm.o(.text)
    uDMAST_IRQHandler                        0x0000041d   Thumb Code     0  startup_tm4c123gh6pm.o(.text)
    __user_initial_stackheap                 0x00000425   Thumb Code    10  startup_tm4c123gh6pm.o(.text)
    assert_failed                            0x0000042f   Thumb Code    10  startup_tm4c123gh6pm.o(.text)
    __use_two_region_memory                  0x00000455   Thumb Code     2  heapauxi.o(.text)
    __rt_heap_escrow$2region                 0x00000457   Thumb Code     2  heapauxi.o(.text)
    __rt_heap_expand$2region                 0x00000459   Thumb Code     2  heapauxi.o(.text)
    __user_setup_stackheap                   0x0000045b   Thumb Code    74  sys_stackheap_outer.o(.text)
    exit                                     0x000004a5   Thumb Code    18  exit.o(.text)
    __user_libspace                          0x000004b9   Thumb Code     8  libspace.o(.text)
    __user_perproc_libspace                  0x000004b9   Thumb Code     0  libspace.o(.text)
    __user_perthread_libspace                0x000004b9   Thumb Code     0  libspace.o(.text)
    _sys_exit                                0x000004c1   Thumb Code     8  sys_exit.o(.text)
    __I$use$semihosting                      0x000004cd   Thumb Code     0  use_no_semi.o(.text)
    __use_no_semihosting_swi                 0x000004cd   Thumb Code     2  use_no_semi.o(.text)
    __semihosting_library_function           0x000004cf   Thumb Code     0  indicate_semi.o(.text)
    BSP_init                                 0x000004d1   Thumb Code    50  bsp.o(i.BSP_init)
    BSP_ledBlueOff                           0x00000515   Thumb Code     8  bsp.o(i.BSP_ledBlueOff)
    BSP_ledBlueOn                            0x00000521   Thumb Code     8  bsp.o(i.BSP_ledBlueOn)
    BSP_ledGreenOff                          0x0000052d   Thumb Code     8  bsp.o(i.BSP_ledGreenOff)
    BSP_ledGreenOn                           0x00000539   Thumb Code     8  bsp.o(i.BSP_ledGreenOn)
    QActive_ctor                             0x00000545   Thumb Code    28  qf_qact.o(i.QActive_ctor)
    QActive_get_                             0x00000565   Thumb Code   130  qf_actq.o(i.QActive_get_)
    QActive_postLIFO_                        0x000005ed   Thumb Code   172  qf_actq.o(i.QActive_postLIFO_)
    QActive_post_                            0x000006a1   Thumb Code   228  qf_actq.o(i.QActive_post_)
    QActive_start_                           0x0000078d   Thumb Code   160  qxk.o(i.QActive_start_)
    QEQueue_init                             0x00000831   Thumb Code    24  qf_qeq.o(i.QEQueue_init)
    QF_add_                                  0x00000849   Thumb Code    74  qf_act.o(i.QF_add_)
    QF_bzero                                 0x0000089d   Thumb Code    22  qf_act.o(i.QF_bzero)
    QF_gc                                    0x000008b5   Thumb Code   108  qf_dyn.o(i.QF_gc)
    QF_init                                  0x00000945   Thumb Code    76  qxk.o(i.QF_init)
    QF_onStartup                             0x000009ad   Thumb Code     2  bsp.o(i.QF_onStartup)
    QF_run                                   0x000009af   Thumb Code    36  qxk.o(i.QF_run)
    QF_tickX_                                0x000009fd   Thumb Code   238  qf_time.o(i.QF_tickX_)
    QHsm_ctor                                0x00000af5   Thumb Code    12  qep_hsm.o(i.QHsm_ctor)
    QHsm_dispatch_                           0x00000b09   Thumb Code   258  qep_hsm.o(i.QHsm_dispatch_)
    QHsm_init_                               0x00000c15   Thumb Code   168  qep_hsm.o(i.QHsm_init_)
    QHsm_top                                 0x00000cc9   Thumb Code     6  qep_hsm.o(i.QHsm_top)
    QMPool_put                               0x00000e2d   Thumb Code    88  qf_mem.o(i.QMPool_put)
    QTimeEvt_ctorX                           0x00000f61   Thumb Code    52  qf_time.o(i.QTimeEvt_ctorX)
    QXK_activate_                            0x00000f99   Thumb Code   242  qxk.o(i.QXK_activate_)
    QXK_init                                 0x000010a5   Thumb Code    94  qxk_port.o(i.QXK_init)
    QXK_onIdle                               0x00001111   Thumb Code     2  bsp.o(i.QXK_onIdle)
    QXK_sched_                               0x00001115   Thumb Code   190  qxk.o(i.QXK_sched_)
    QXK_stackInit_                           0x000011e5   Thumb Code   162  qxk_port.o(i.QXK_stackInit_)
    QXK_threadRet_                           0x00001291   Thumb Code   114  qxk_xthr.o(i.QXK_threadRet_)
    QXThread_block_                          0x00001311   Thumb Code    54  qxk_xthr.o(i.QXThread_block_)
    QXThread_ctor                            0x00001351   Thumb Code    42  qxk_xthr.o(i.QXThread_ctor)
    QXThread_delay                           0x00001381   Thumb Code   180  qxk_xthr.o(i.QXThread_delay)
    QXThread_teArm_                          0x00001649   Thumb Code   110  qxk_xthr.o(i.QXThread_teArm_)
    QXThread_teDisarm_                       0x000016c1   Thumb Code    18  qxk_xthr.o(i.QXThread_teDisarm_)
    QXThread_unblock_                        0x000016d5   Thumb Code    42  qxk_xthr.o(i.QXThread_unblock_)
    Q_onAssert                               0x00001709   Thumb Code    36  bsp.o(i.Q_onAssert)
    SysTick_Handler                          0x00001735   Thumb Code    64  bsp.o(i.SysTick_Handler)
    SystemInit                               0x00001779   Thumb Code   126  system_tm4c123gh6pm.o(i.SystemInit)
    main                                     0x00001835   Thumb Code   134  main.o(i.main)
    main_blinky1                             0x000018d9   Thumb Code    24  main.o(i.main_blinky1)
    main_blinky2                             0x000018f1   Thumb Code    24  main.o(i.main_blinky2)
    QP_versionStr                            0x00001918   Data           7  qep_hsm.o(.constdata)
    Region$$Table$$Base                      0x000019b0   Number         0  anon$$obj.o(Region$$Table)
    Region$$Table$$Limit                     0x000019d0   Number         0  anon$$obj.o(Region$$Table)
    QF_maxPool_                              0x20000000   Data           4  qf_dyn.o(.data)
    QF_subscrList_                           0x20000004   Data           4  qf_ps.o(.data)
    QF_maxPubSignal_                         0x20000008   Data           4  qf_ps.o(.data)
    stack_blinky1                            0x2000000c   Data         160  main.o(.bss)
    blinky1                                  0x200000ac   Data          56  main.o(.bss)
    stack_blinky2                            0x200000e4   Data         160  main.o(.bss)
    blinky2                                  0x20000184   Data          56  main.o(.bss)
    stack_blinky3                            0x200001bc   Data         160  main.o(.bss)
    blinky3                                  0x2000025c   Data          56  main.o(.bss)
    QF_active_                               0x20000294   Data         132  qf_act.o(.bss)
    QF_pool_                                 0x20000318   Data          60  qf_dyn.o(.bss)
    QF_timeEvtHead_                          0x20000354   Data          32  qf_time.o(.bss)
    QXK_attr_                                0x20000374   Data          20  qxk.o(.bss)
    __libspace_start                         0x200003b0   Data          96  libspace.o(.bss)
    __temporary_stack_top$libspace           0x20000410   Data           0  libspace.o(.bss)



==============================================================================

Memory Map of the image

  Image Entry point : 0x000003d9

  Load Region LR_IROM1 (Base: 0x00000000, Size: 0x000019dc, Max: 0x00040000, ABSOLUTE)

    Execution Region ER_IROM1 (Exec base: 0x00000000, Load base: 0x00000000, Size: 0x000019d0, Max: 0x00040000, ABSOLUTE)

    Exec Addr    Load Addr    Size         Type   Attr      Idx    E Section Name        Object

    0x00000000   0x00000000   0x0000026c   Data   RO          265    RESET               startup_tm4c123gh6pm.o
    0x0000026c   0x0000026c   0x00000008   Code   RO         1124  * !!!main             c_w.l(__main.o)
    0x00000274   0x00000274   0x00000034   Code   RO         1283    !!!scatter          c_w.l(__scatter.o)
    0x000002a8   0x000002a8   0x0000001a   Code   RO         1285    !!handler_copy      c_w.l(__scatter_copy.o)
    0x000002c2   0x000002c2   0x00000002   PAD
    0x000002c4   0x000002c4   0x0000001c   Code   RO         1287    !!handler_zi        c_w.l(__scatter_zi.o)
    0x000002e0   0x000002e0   0x00000002   Code   RO         1151    .ARM.Collect$$libinit$$00000000  c_w.l(libinit.o)
    0x000002e2   0x000002e2   0x00000000   Code   RO         1158    .ARM.Collect$$libinit$$00000002  c_w.l(libinit2.o)
    0x000002e2   0x000002e2   0x00000000   Code   RO         1160    .ARM.Collect$$libinit$$00000004  c_w.l(libinit2.o)
    0x000002e2   0x000002e2   0x00000000   Code   RO         1163    .ARM.Collect$$libinit$$0000000A  c_w.l(libinit2.o)
    0x000002e2   0x000002e2   0x00000000   Code   RO         1165    .ARM.Collect$$libinit$$0000000C  c_w.l(libinit2.o)
    0x000002e2   0x000002e2   0x00000000   Code   RO         1167    .ARM.Collect$$libinit$$0000000E  c_w.l(libinit2.o)
    0x000002e2   0x000002e2   0x00000000   Code   RO         1170    .ARM.Collect$$libinit$$00000011  c_w.l(libinit2.o)
    0x000002e2   0x000002e2   0x00000000   Code   RO         1172    .ARM.Collect$$libinit$$00000013  c_w.l(libinit2.o)
    0x000002e2   0x000002e2   0x00000000   Code   RO         1174    .ARM.Collect$$libinit$$00000015  c_w.l(libinit2.o)
    0x000002e2   0x000002e2   0x00000000   Code   RO         1176    .ARM.Collect$$libinit$$00000017  c_w.l(libinit2.o)
    0x000002e2   0x000002e2   0x00000000   Code   RO         1178    .ARM.Collect$$libinit$$00000019  c_w.l(libinit2.o)
    0x000002e2   0x000002e2   0x00000000   Code   RO         1180    .ARM.Collect$$libinit$$0000001B  c_w.l(libinit2.o)
    0x000002e2   0x000002e2   0x00000000   Code   RO         1182    .ARM.Collect$$libinit$$0000001D  c_w.l(libinit2.o)
    0x000002e2   0x000002e2   0x00000000   Code   RO         1184    .ARM.Collect$$libinit$$0000001F  c_w.l(libinit2.o)
    0x000002e2   0x000002e2   0x00000000   Code   RO         1186    .ARM.Collect$$libinit$$00000021  c_w.l(libinit2.o)
    0x000002e2   0x000002e2   0x00000000   Code   RO         1188    .ARM.Collect$$libinit$$00000023  c_w.l(libinit2.o)
    0x000002e2   0x000002e2   0x00000000   Code   RO         1190    .ARM.Collect$$libinit$$00000025  c_w.l(libinit2.o)
    0x000002e2   0x000002e2   0x00000000   Code   RO         1194    .ARM.Collect$$libinit$$0000002C  c_w.l(libinit2.o)
    0x000002e2   0x000002e2   0x00000000   Code   RO         1196    .ARM.Collect$$libinit$$0000002E  c_w.l(libinit2.o)
    0x000002e2   0x000002e2   0x00000000   Code   RO         1198    .ARM.Collect$$libinit$$00000030  c_w.l(libinit2.o)
    0x000002e2   0x000002e2   0x00000000   Code   RO         1200    .ARM.Collect$$libinit$$00000032  c_w.l(libinit2.o)
    0x000002e2   0x000002e2   0x00000002   Code   RO         1201    .ARM.Collect$$libinit$$00000033  c_w.l(libinit2.o)
    0x000002e4   0x000002e4   0x00000002   Code   RO         1221    .ARM.Collect$$libshutdown$$00000000  c_w.l(libshutdown.o)
    0x000002e6   0x000002e6   0x00000000   Code   RO         1234    .ARM.Collect$$libshutdown$$00000002  c_w.l(libshutdown2.o)
    0x000002e6   0x000002e6   0x00000000   Code   RO         1236    .ARM.Collect$$libshutdown$$00000004  c_w.l(libshutdown2.o)
    0x000002e6   0x000002e6   0x00000000   Code   RO         1238    .ARM.Collect$$libshutdown$$00000006  c_w.l(libshutdown2.o)
    0x000002e6   0x000002e6   0x00000000   Code   RO         1241    .ARM.Collect$$libshutdown$$00000009  c_w.l(libshutdown2.o)
    0x000002e6   0x000002e6   0x00000000   Code   RO         1244    .ARM.Collect$$libshutdown$$0000000C  c_w.l(libshutdown2.o)
    0x000002e6   0x000002e6   0x00000000   Code   RO         1246    .ARM.Collect$$libshutdown$$0000000E  c_w.l(libshutdown2.o)
    0x000002e6   0x000002e6   0x00000000   Code   RO         1249    .ARM.Collect$$libshutdown$$00000011  c_w.l(libshutdown2.o)
    0x000002e6   0x000002e6   0x00000002   Code   RO         1250    .ARM.Collect$$libshutdown$$00000012  c_w.l(libshutdown2.o)
    0x000002e8   0x000002e8   0x00000000   Code   RO         1126    .ARM.Collect$$rtentry$$00000000  c_w.l(__rtentry.o)
    0x000002e8   0x000002e8   0x00000000   Code   RO         1128    .ARM.Collect$$rtentry$$00000002  c_w.l(__rtentry2.o)
    0x000002e8   0x000002e8   0x00000006   Code   RO         1140    .ARM.Collect$$rtentry$$00000004  c_w.l(__rtentry4.o)
    0x000002ee   0x000002ee   0x00000000   Code   RO         1130    .ARM.Collect$$rtentry$$00000009  c_w.l(__rtentry2.o)
    0x000002ee   0x000002ee   0x00000004   Code   RO         1131    .ARM.Collect$$rtentry$$0000000A  c_w.l(__rtentry2.o)
    0x000002f2   0x000002f2   0x00000000   Code   RO         1133    .ARM.Collect$$rtentry$$0000000C  c_w.l(__rtentry2.o)
    0x000002f2   0x000002f2   0x00000008   Code   RO         1134    .ARM.Collect$$rtentry$$0000000D  c_w.l(__rtentry2.o)
    0x000002fa   0x000002fa   0x00000002   Code   RO         1155    .ARM.Collect$$rtexit$$00000000  c_w.l(rtexit.o)
    0x000002fc   0x000002fc   0x00000000   Code   RO         1203    .ARM.Collect$$rtexit$$00000002  c_w.l(rtexit2.o)
    0x000002fc   0x000002fc   0x00000004   Code   RO         1204    .ARM.Collect$$rtexit$$00000003  c_w.l(rtexit2.o)
    0x00000300   0x00000300   0x00000006   Code   RO         1205    .ARM.Collect$$rtexit$$00000004  c_w.l(rtexit2.o)
    0x00000306   0x00000306   0x00000002   PAD
    0x00000308   0x00000308   0x000000d0   Code   RO         1098    .emb_text           qxk_port.o
    0x000003d8   0x000003d8   0x0000007c   Code   RO          266  * .text               startup_tm4c123gh6pm.o
    0x00000454   0x00000454   0x00000006   Code   RO         1122    .text               c_w.l(heapauxi.o)
    0x0000045a   0x0000045a   0x0000004a   Code   RO         1142    .text               c_w.l(sys_stackheap_outer.o)
    0x000004a4   0x000004a4   0x00000012   Code   RO         1144    .text               c_w.l(exit.o)
    0x000004b6   0x000004b6   0x00000002   PAD
    0x000004b8   0x000004b8   0x00000008   Code   RO         1152    .text               c_w.l(libspace.o)
    0x000004c0   0x000004c0   0x0000000c   Code   RO         1213    .text               c_w.l(sys_exit.o)
    0x000004cc   0x000004cc   0x00000002   Code   RO         1224    .text               c_w.l(use_no_semi.o)
    0x000004ce   0x000004ce   0x00000000   Code   RO         1226    .text               c_w.l(indicate_semi.o)
    0x000004ce   0x000004ce   0x00000002   PAD
    0x000004d0   0x000004d0   0x00000044   Code   RO            4    i.BSP_init          bsp.o
    0x00000514   0x00000514   0x0000000c   Code   RO            5    i.BSP_ledBlueOff    bsp.o
    0x00000520   0x00000520   0x0000000c   Code   RO            6    i.BSP_ledBlueOn     bsp.o
    0x0000052c   0x0000052c   0x0000000c   Code   RO            7    i.BSP_ledGreenOff   bsp.o
    0x00000538   0x00000538   0x0000000c   Code   RO            8    i.BSP_ledGreenOn    bsp.o
    0x00000544   0x00000544   0x00000020   Code   RO          692    i.QActive_ctor      qf_qact.o
    0x00000564   0x00000564   0x00000088   Code   RO          440    i.QActive_get_      qf_actq.o
    0x000005ec   0x000005ec   0x000000b4   Code   RO          441    i.QActive_postLIFO_  qf_actq.o
    0x000006a0   0x000006a0   0x000000ec   Code   RO          442    i.QActive_post_     qf_actq.o
    0x0000078c   0x0000078c   0x000000a4   Code   RO          827    i.QActive_start_    qxk.o
    0x00000830   0x00000830   0x00000018   Code   RO          706    i.QEQueue_init      qf_qeq.o
    0x00000848   0x00000848   0x00000054   Code   RO          383    i.QF_add_           qf_act.o
    0x0000089c   0x0000089c   0x00000016   Code   RO          384    i.QF_bzero          qf_act.o
    0x000008b2   0x000008b2   0x00000002   PAD
    0x000008b4   0x000008b4   0x00000078   Code   RO          546    i.QF_gc             qf_dyn.o
    0x0000092c   0x0000092c   0x00000006   Code   RO          444    i.QF_get_BASEPRI    qf_actq.o
    0x00000932   0x00000932   0x00000006   Code   RO          755    i.QF_get_BASEPRI    qf_time.o
    0x00000938   0x00000938   0x00000006   Code   RO          828    i.QF_get_BASEPRI    qxk.o
    0x0000093e   0x0000093e   0x00000006   Code   RO          996    i.QF_get_BASEPRI    qxk_xthr.o
    0x00000944   0x00000944   0x00000068   Code   RO          829    i.QF_init           qxk.o
    0x000009ac   0x000009ac   0x00000002   Code   RO           13    i.QF_onStartup      bsp.o
    0x000009ae   0x000009ae   0x00000024   Code   RO          830    i.QF_run            qxk.o
    0x000009d2   0x000009d2   0x00000006   Code   RO          386    i.QF_set_BASEPRI    qf_act.o
    0x000009d8   0x000009d8   0x00000006   Code   RO          445    i.QF_set_BASEPRI    qf_actq.o
    0x000009de   0x000009de   0x00000006   Code   RO          551    i.QF_set_BASEPRI    qf_dyn.o
    0x000009e4   0x000009e4   0x00000006   Code   RO          602    i.QF_set_BASEPRI    qf_mem.o
    0x000009ea   0x000009ea   0x00000006   Code   RO          757    i.QF_set_BASEPRI    qf_time.o
    0x000009f0   0x000009f0   0x00000006   Code   RO          831    i.QF_set_BASEPRI    qxk.o
    0x000009f6   0x000009f6   0x00000006   Code   RO          997    i.QF_set_BASEPRI    qxk_xthr.o
    0x000009fc   0x000009fc   0x000000f8   Code   RO          758    i.QF_tickX_         qf_time.o
    0x00000af4   0x00000af4   0x00000014   Code   RO          271    i.QHsm_ctor         qep_hsm.o
    0x00000b08   0x00000b08   0x0000010c   Code   RO          272    i.QHsm_dispatch_    qep_hsm.o
    0x00000c14   0x00000c14   0x000000b4   Code   RO          273    i.QHsm_init_        qep_hsm.o
    0x00000cc8   0x00000cc8   0x00000006   Code   RO          275    i.QHsm_top          qep_hsm.o
    0x00000cce   0x00000cce   0x00000002   PAD
    0x00000cd0   0x00000cd0   0x0000015c   Code   RO          276    i.QHsm_tran_        qep_hsm.o
    0x00000e2c   0x00000e2c   0x0000005c   Code   RO          605    i.QMPool_put        qf_mem.o
    0x00000e88   0x00000e88   0x00000040   Code   RO          447    i.QTicker_dispatch_  qf_actq.o
    0x00000ec8   0x00000ec8   0x00000006   Code   RO          448    i.QTicker_init_     qf_actq.o
    0x00000ece   0x00000ece   0x00000002   PAD
    0x00000ed0   0x00000ed0   0x00000010   Code   RO          449    i.QTicker_postLIFO_  qf_actq.o
    0x00000ee0   0x00000ee0   0x00000080   Code   RO          450    i.QTicker_post_     qf_actq.o
    0x00000f60   0x00000f60   0x00000038   Code   RO          760    i.QTimeEvt_ctorX    qf_time.o
    0x00000f98   0x00000f98   0x00000104   Code   RO          833    i.QXK_activate_     qxk.o
    0x0000109c   0x0000109c   0x00000006   Code   RO          998    i.QXK_get_IPSR      qxk_xthr.o
    0x000010a2   0x000010a2   0x00000002   PAD
    0x000010a4   0x000010a4   0x0000006c   Code   RO         1099    i.QXK_init          qxk_port.o
    0x00001110   0x00001110   0x00000002   Code   RO           14    i.QXK_onIdle        bsp.o
    0x00001112   0x00001112   0x00000002   PAD
    0x00001114   0x00001114   0x000000d0   Code   RO          837    i.QXK_sched_        qxk.o
    0x000011e4   0x000011e4   0x000000ac   Code   RO         1100    i.QXK_stackInit_    qxk_port.o
    0x00001290   0x00001290   0x00000080   Code   RO          999    i.QXK_threadRet_    qxk_xthr.o
    0x00001310   0x00001310   0x00000040   Code   RO         1000    i.QXThread_block_   qxk_xthr.o
    0x00001350   0x00001350   0x00000030   Code   RO         1001    i.QXThread_ctor     qxk_xthr.o
    0x00001380   0x00001380   0x000000bc   Code   RO         1002    i.QXThread_delay    qxk_xthr.o
    0x0000143c   0x0000143c   0x0000000c   Code   RO         1004    i.QXThread_dispatch_  qxk_xthr.o
    0x00001448   0x00001448   0x0000000c   Code   RO         1005    i.QXThread_init_    qxk_xthr.o
    0x00001454   0x00001454   0x00000010   Code   RO         1006    i.QXThread_postLIFO_  qxk_xthr.o
    0x00001464   0x00001464   0x0000013c   Code   RO         1007    i.QXThread_post_    qxk_xthr.o
    0x000015a0   0x000015a0   0x000000a8   Code   RO         1009    i.QXThread_start_   qxk_xthr.o
    0x00001648   0x00001648   0x00000078   Code   RO         1010    i.QXThread_teArm_   qxk_xthr.o
    0x000016c0   0x000016c0   0x00000012   Code   RO         1011    i.QXThread_teDisarm_  qxk_xthr.o
    0x000016d2   0x000016d2   0x00000002   PAD
    0x000016d4   0x000016d4   0x00000034   Code   RO         1012    i.QXThread_unblock_  qxk_xthr.o
    0x00001708   0x00001708   0x0000002c   Code   RO           15    i.Q_onAssert        bsp.o
    0x00001734   0x00001734   0x00000044   Code   RO           16    i.SysTick_Handler   bsp.o
    0x00001778   0x00001778   0x000000a4   Code   RO          222    i.SystemInit        system_tm4c123gh6pm.o
    0x0000181c   0x0000181c   0x00000018   Code   RO          838    i.initial_events    qxk.o
    0x00001834   0x00001834   0x000000a4   Code   RO          181    i.main              main.o
    0x000018d8   0x000018d8   0x00000018   Code   RO          182    i.main_blinky1      main.o
    0x000018f0   0x000018f0   0x00000018   Code   RO          183    i.main_blinky2      main.o
    0x00001908   0x00001908   0x00000007   Data   RO          186    .constdata          main.o
    0x0000190f   0x0000190f   0x00000001   PAD
    0x00001910   0x00001910   0x00000028   Data   RO          277    .constdata          qep_hsm.o
    0x00001938   0x00001938   0x00000007   Data   RO          388    .constdata          qf_act.o
    0x0000193f   0x0000193f   0x00000001   PAD
    0x00001940   0x00001940   0x00000020   Data   RO          451    .constdata          qf_actq.o
    0x00001960   0x00001960   0x00000007   Data   RO          553    .constdata          qf_dyn.o
    0x00001967   0x00001967   0x00000007   Data   RO          606    .constdata          qf_mem.o
    0x0000196e   0x0000196e   0x00000002   PAD
    0x00001970   0x00001970   0x00000014   Data   RO          693    .constdata          qf_qact.o
    0x00001984   0x00001984   0x00000008   Data   RO          766    .constdata          qf_time.o
    0x0000198c   0x0000198c   0x00000004   Data   RO          840    .constdata          qxk.o
    0x00001990   0x00001990   0x00000020   Data   RO         1013    .constdata          qxk_xthr.o
    0x000019b0   0x000019b0   0x00000020   Data   RO         1281    Region$$Table       anon$$obj.o


    Execution Region RW_IRAM1 (Exec base: 0x20000000, Load base: 0x000019d0, Size: 0x00000820, Max: 0x00008000, ABSOLUTE)

    Exec Addr    Load Addr    Size         Type   Attr      Idx    E Section Name        Object

    0x20000000   0x000019d0   0x00000004   Data   RW          554    .data               qf_dyn.o
    0x20000004   0x000019d4   0x00000008   Data   RW          646    .data               qf_ps.o
    0x2000000c        -       0x00000288   Zero   RW          185    .bss                main.o
    0x20000294        -       0x00000084   Zero   RW          387    .bss                qf_act.o
    0x20000318        -       0x0000003c   Zero   RW          552    .bss                qf_dyn.o
    0x20000354        -       0x00000020   Zero   RW          765    .bss                qf_time.o
    0x20000374        -       0x0000003c   Zero   RW          839    .bss                qxk.o
    0x200003b0        -       0x00000060   Zero   RW         1153    .bss                c_w.l(libspace.o)
    0x20000410        -       0x00000010   Zero   RW          264    HEAP                startup_tm4c123gh6pm.o
    0x20000420        -       0x00000400   Zero   RW          263    STACK               startup_tm4c123gh6pm.o


==============================================================================

Image component sizes


      Code (inc. data)   RO Data    RW Data    ZI Data      Debug   Object Name

       232         46          0          0          0      70402   bsp.o
       212         30          7          0        648       2089   main.o
       822         40         40          0          0       8409   qep_hsm.o
       112         10          7          0        132      10726   qf_act.o
       778         36         32          0          0       8665   qf_actq.o
       126         12          7          4         60       1867   qf_dyn.o
        98          4          7          0          0       1769   qf_mem.o
         0          0          0          8          0        726   qf_ps.o
        32          4         20          0          0        887   qf_qact.o
        24          0          0          0          0        967   qf_qeq.o
       316         14          8          0         32       2951   qf_time.o
       808         72          4          0         60       6569   qxk.o
       488         48          0          0          0       2476   qxk_port.o
      1160         92         32          0          0       9227   qxk_xthr.o
       124         28        620          0       1040        972   startup_tm4c123gh6pm.o
       164         38          0          0          0       2013   system_tm4c123gh6pm.o

    ----------------------------------------------------------------------
      5508        474        820         12       1972     130715   Object Totals
         0          0         32          0          0          0   (incl. Generated)
        12          0          4          0          0          0   (incl. Padding)

    ----------------------------------------------------------------------

      Code (inc. data)   RO Data    RW Data    ZI Data      Debug   Library Member Name

         8          0          0          0          0         68   __main.o
         0          0          0          0          0          0   __rtentry.o
        12          0          0          0          0          0   __rtentry2.o
         6          0          0          0          0          0   __rtentry4.o
        52          8          0          0          0          0   __scatter.o
        26          0          0          0          0          0   __scatter_copy.o
        28          0          0          0          0          0   __scatter_zi.o
        18          0          0          0          0         80   exit.o
         6          0          0          0          0        152   heapauxi.o
         0          0          0          0          0          0   indicate_semi.o
         2          0          0          0          0          0   libinit.o
         2          0          0          0          0          0   libinit2.o
         2          0          0          0          0          0   libshutdown.o
         2          0          0          0          0          0   libshutdown2.o
         8          4          0          0         96         68   libspace.o
         2          0          0          0          0          0   rtexit.o
        10          0          0          0          0          0   rtexit2.o
        12          4          0          0          0         68   sys_exit.o
        74          0          0          0          0         80   sys_stackheap_outer.o
         2          0          0          0          0         68   use_no_semi.o

    ----------------------------------------------------------------------
       280         16          0          0         96        584   Library Totals
         8          0          0          0          0          0   (incl. Padding)

    ----------------------------------------------------------------------

      Code (inc. data)   RO Data    RW Data    ZI Data      Debug   Library Name

       272         16          0          0         96        584   c_w.l

    ----------------------------------------------------------------------
       280         16          0          0         96        584   Library Totals

    ----------------------------------------------------------------------

==============================================================================


      Code (inc. data)   RO Data    RW Data    ZI Data      Debug   

      5788        490        820         12       2068     127967   Grand Totals
      5788        490        820         12       2068     127967   ELF Image Totals
      5788        490        820         12          0          0   ROM Totals

==============================================================================

    Total RO  Size (Code + RO Data)                 6608 (   6.45kB)
    Total RW  Size (RW Data + ZI Data)              2080 (   2.03kB)
    Total ROM Size (Code + RO Data + RW Data)       6620 (   6.46kB)

==============================================================================

