###############################################################################
#
# IAR ELF Linker V8.32.2.178/W32 for ARM                  30/Nov/2020  00:01:15
# Copyright 2007-2018 IAR Systems AB.
#
#    Output file  =  
#        D:\Repositories\Projects\QuantumLeaps\lesson14\Debug\Exe\c.out
#    Map file     =  
#        D:\Repositories\Projects\QuantumLeaps\lesson14\Debug\List\c.map
#    Command line =  
#        -f C:\Users\racas\AppData\Local\Temp\EWDACF.tmp
#        (D:\Repositories\Projects\QuantumLeaps\lesson14\Debug\Obj\delay.o
#        D:\Repositories\Projects\QuantumLeaps\lesson14\Debug\Obj\main.o
#        D:\Repositories\Projects\QuantumLeaps\lesson14\Debug\Obj\startup_tm4c.o
#        --no_out_extension -o
#        D:\Repositories\Projects\QuantumLeaps\lesson14\Debug\Exe\c.out
#        --redirect _Printf=_PrintfFullNoMb --redirect _Scanf=_ScanfFullNoMb
#        --map D:\Repositories\Projects\QuantumLeaps\lesson14\Debug\List\c.map
#        --config D:\Repositories\Projects\QuantumLeaps\lesson14\project.icf
#        --entry __iar_program_start "C:\Program Files (x86)\IAR
#        Systems\Embedded Workbench
#        8.2\arm\CMSIS\Lib\IAR\iar_cortexM4lf_math.a" --vfe --text_out locale)
#
###############################################################################

*******************************************************************************
*** RUNTIME MODEL ATTRIBUTES
***

CppFlavor       = *
__SystemLibrary = DLib
__dlib_version  = 6


*******************************************************************************
*** HEAP SELECTION
***

The basic heap was selected because some modules are built with
size limitations (and not runtime checking), and --advanced_heap
was not specified.


*******************************************************************************
*** PLACEMENT SUMMARY
***

"A0":  place at 0x0 { ro section .intvec };
"P1":  place in [from 0x0 to 0x3'ffff] { ro };
define block CSTACK with size = 1000, alignment = 8 { };
define block HEAP with size = 0M, alignment = 8 { };
"P2":  place in [from 0x2000'0000 to 0x2000'7fff] {
          rw, block CSTACK, block HEAP };
initialize by copy { rw };

  Section            Kind         Address   Size  Object
  -------            ----         -------   ----  ------
"A0":                                        0x8
  .intvec            const            0x0    0x8  startup_tm4c.o [1]
                                    - 0x8    0x8

"P1":                                      0x1bb
  .text              ro code          0x8   0xb8  main.o [1]
  .text              ro code         0xc0   0x14  delay.o [1]
  .text              ro code         0xd4   0x38  packbits_init_single.o [4]
  .text              ro code        0x10c   0x28  data_init.o [4]
  .text              ro code        0x134   0x22  fpinit_M.o [3]
  .iar.init_table    const          0x158   0x10  - Linker created -
  .text              ro code        0x168   0x1e  cmain.o [4]
  .text              ro code        0x186    0x4  low_level_init.o [2]
  .text              ro code        0x18a    0x4  exit.o [2]
  .text              ro code        0x190    0xa  cexit.o [4]
  .text              ro code        0x19c    0xc  XXexit.o [4]
  .text              ro code        0x1a8    0xc  cstartup_M.o [4]
  .rodata            const          0x1b4    0x0  packbits_init_single.o [4]
  Initializer bytes  const          0x1b4    0xf  <for P2-1>
                                  - 0x1c3  0x1bb

"P2", part 1 of 2:                          0x24
  P2-1                        0x2000'0000   0x24  <Init block>
    .data            inited   0x2000'0000    0x4  main.o [1]
    .data            inited   0x2000'0004    0x8  main.o [1]
    .bss             inited   0x2000'000c    0x4  main.o [1]
    .bss             inited   0x2000'0010    0x8  main.o [1]
    .bss             inited   0x2000'0018    0xc  main.o [1]
                            - 0x2000'0024   0x24

"P2", part 2 of 2:                         0x3e8
  CSTACK                      0x2000'0028  0x3e8  <Block>
    CSTACK           uninit   0x2000'0028  0x3e8  <Block tail>
                            - 0x2000'0410  0x3e8

Unused ranges:

         From           To      Size
         ----           --      ----
        0x1c3     0x3'ffff  0x3'fe3d
  0x2000'0024  0x2000'0027       0x4
  0x2000'0410  0x2000'7fff    0x7bf0


*******************************************************************************
*** INIT TABLE
***

          Address      Size
          -------      ----
Copy/packbits (__iar_packbits_init_single3)
    1 source range, total size 0xf (41% of destination):
                0x1b4   0xf
    1 destination range, total size 0x24:
          0x2000'0000  0x24



*******************************************************************************
*** MODULE SUMMARY
***

    Module                  ro code  ro data  rw data
    ------                  -------  -------  -------
command line/config:
    -------------------------------------------------
    Total:

D:\Repositories\Projects\QuantumLeaps\lesson14\Debug\Obj: [1]
    delay.o                      20
    main.o                      184       15       36
    startup_tm4c.o                         8
    -------------------------------------------------
    Total:                      204       23       36

dl7M_tln.a: [2]
    exit.o                        4
    low_level_init.o              4
    -------------------------------------------------
    Total:                        8

m7M_tls.a: [3]
    fpinit_M.o                   34
    -------------------------------------------------
    Total:                       34

rt7M_tl.a: [4]
    XXexit.o                     12
    cexit.o                      10
    cmain.o                      30
    cstartup_M.o                 12
    data_init.o                  40
    packbits_init_single.o       56
    -------------------------------------------------
    Total:                      160

    Gaps                          4        2
    Linker created                        16    1 000
-----------------------------------------------------
    Grand Total:                410       41    1 036


*******************************************************************************
*** ENTRY LIST
***

Entry                       Address  Size  Type      Object
-----                       -------  ----  ----      ------
.iar.init_table$$Base         0x158         --   Gb  - Linker created -
.iar.init_table$$Limit        0x168         --   Gb  - Linker created -
?main                         0x169        Code  Gb  cmain.o [4]
CSTACK$$Base            0x2000'0028         --   Gb  - Linker created -
CSTACK$$Limit           0x2000'0410        Data  Gb  - Linker created -
Region$$Table$$Base           0x158         --   Gb  - Linker created -
Region$$Table$$Limit          0x168         --   Gb  - Linker created -
__cmain                       0x169        Code  Gb  cmain.o [4]
__exit                        0x19d        Code  Gb  XXexit.o [4]
__iar_data_init3              0x10d  0x28  Code  Gb  data_init.o [4]
__iar_init_vfp                0x135        Code  Gb  fpinit_M.o [3]
__iar_packbits_init_single3
                               0xd5  0x38  Code  Gb  packbits_init_single.o [4]
__iar_program_start           0x1a9        Code  Gb  cstartup_M.o [4]
__low_level_init              0x187   0x4  Code  Gb  low_level_init.o [2]
__vector_table                  0x0   0x8  Data  Gb  startup_tm4c.o [1]
_call_main                    0x175        Code  Gb  cmain.o [4]
_exit                         0x191        Code  Gb  cexit.o [4]
_main                         0x183        Code  Gb  cmain.o [4]
delay                          0xc1  0x14  Code  Gb  delay.o [1]
exit                          0x18b   0x4  Code  Gb  exit.o [2]
main                            0x9  0xb8  Code  Gb  main.o [1]
p1                      0x2000'0000   0x4  Data  Gb  main.o [1]
p2                      0x2000'000c   0x4  Data  Gb  main.o [1]
t                       0x2000'0018   0xc  Data  Gb  main.o [1]
w                       0x2000'0004   0x8  Data  Gb  main.o [1]
w2                      0x2000'0010   0x8  Data  Gb  main.o [1]


[1] = D:\Repositories\Projects\QuantumLeaps\lesson14\Debug\Obj
[2] = dl7M_tln.a
[3] = m7M_tls.a
[4] = rt7M_tl.a

    410 bytes of readonly  code memory
     41 bytes of readonly  data memory
  1 036 bytes of readwrite data memory

Errors: none
Warnings: none
