###############################################################################
#
# IAR ELF Linker V8.32.2.178/W32 for ARM                  02/Dec/2020  22:25:37
# Copyright 2007-2018 IAR Systems AB.
#
#    Output file  =  
#        D:\Repositories\Projects\QuantumLeaps\lesson13\Debug\Exe\c.out
#    Map file     =  
#        D:\Repositories\Projects\QuantumLeaps\lesson13\Debug\List\c.map
#    Command line =  
#        -f C:\Users\racas\AppData\Local\Temp\EWC620.tmp
#        (D:\Repositories\Projects\QuantumLeaps\lesson13\Debug\Obj\delay.o
#        D:\Repositories\Projects\QuantumLeaps\lesson13\Debug\Obj\main.o
#        --no_out_extension -o
#        D:\Repositories\Projects\QuantumLeaps\lesson13\Debug\Exe\c.out
#        --redirect _Printf=_PrintfFullNoMb --redirect _Scanf=_ScanfFullNoMb
#        --map D:\Repositories\Projects\QuantumLeaps\lesson13\Debug\List\c.map
#        --config D:\Repositories\Projects\QuantumLeaps\lesson13\project.icf
#        --entry __iar_program_start "C:\Program Files (x86)\IAR
#        Systems\Embedded Workbench
#        8.2\arm\CMSIS\Lib\IAR\iar_cortexM4lf_math.a" --vfe --text_out locale)
#
###############################################################################

*******************************************************************************
*** RUNTIME MODEL ATTRIBUTES
***

CppFlavor       = *
__SystemLibrary = DLib
__dlib_version  = 6


*******************************************************************************
*** HEAP SELECTION
***

The basic heap was selected because some modules are built with
size limitations (and not runtime checking), and --advanced_heap
was not specified.


*******************************************************************************
*** PLACEMENT SUMMARY
***

"A0":  place at 0x0 { ro section .intvec };
"P1":  place in [from 0x0 to 0x3'ffff] { ro };
define block CSTACK with size = 1K, alignment = 8 { };
define block HEAP with size = 0M, alignment = 8 { };
"P2":  place in [from 0x2000'0000 to 0x2000'7fff] {
          rw, block CSTACK, block HEAP };

No sections matched the following patterns:

  rw  in "P2"


  Section   Kind         Address   Size  Object
  -------   ----         -------   ----  ------
"A0":                              0x40
  .intvec   ro code          0x0   0x40  vector_table_M.o [4]
                          - 0x40   0x40

"P1":                              0xec
  .text     ro code         0x40   0x68  main.o [1]
  .text     ro code         0xa8   0x14  delay.o [1]
  .text     ro code         0xbc   0x22  fpinit_M.o [3]
  .text     ro code         0xde    0x2  vector_table_M.o [4]
  .text     ro code         0xe0   0x1e  cmain.o [4]
  .text     ro code         0xfe    0x4  low_level_init.o [2]
  .text     ro code        0x102    0x4  exit.o [2]
  .text     ro code        0x108    0xa  cexit.o [4]
  .text     ro code        0x114    0xc  XXexit.o [4]
  .text     ro code        0x120    0xc  cstartup_M.o [4]
                         - 0x12c   0xec

"P2":                             0x400
  CSTACK             0x2000'0000  0x400  <Block>
    CSTACK  uninit   0x2000'0000  0x400  <Block tail>
                   - 0x2000'0400  0x400

Unused ranges:

         From           To      Size
         ----           --      ----
        0x12c     0x3'ffff  0x3'fed4
  0x2000'0400  0x2000'7fff    0x7c00



*******************************************************************************
*** MODULE SUMMARY
***

    Module            ro code  rw data
    ------            -------  -------
command line/config:
    ----------------------------------
    Total:

D:\Repositories\Projects\QuantumLeaps\lesson13\Debug\Obj: [1]
    delay.o                20
    main.o                104
    ----------------------------------
    Total:                124

dl7M_tln.a: [2]
    exit.o                  4
    low_level_init.o        4
    ----------------------------------
    Total:                  8

m7M_tls.a: [3]
    fpinit_M.o             34
    ----------------------------------
    Total:                 34

rt7M_tl.a: [4]
    XXexit.o               12
    cexit.o                10
    cmain.o                30
    cstartup_M.o           12
    vector_table_M.o       66
    ----------------------------------
    Total:                130

    Gaps                    4
    Linker created               1 024
--------------------------------------
    Grand Total:          300    1 024


*******************************************************************************
*** ENTRY LIST
***

Entry                     Address  Size  Type      Object
-----                     -------  ----  ----      ------
?main                        0xe1        Code  Gb  cmain.o [4]
CSTACK$$Base          0x2000'0000         --   Gb  - Linker created -
CSTACK$$Limit         0x2000'0400         --   Gb  - Linker created -
Region$$Table$$Base           0x0         --   Gb  - Linker created -
Region$$Table$$Limit          0x0         --   Gb  - Linker created -
__cmain                      0xe1        Code  Gb  cmain.o [4]
__exit                      0x115        Code  Gb  XXexit.o [4]
__iar_init_vfp               0xbd        Code  Gb  fpinit_M.o [3]
__iar_program_start         0x121        Code  Gb  cstartup_M.o [4]
__low_level_init             0xff   0x4  Code  Gb  low_level_init.o [2]
__vector_table                0x0        Data  Gb  vector_table_M.o [4]
_call_main                   0xed        Code  Gb  cmain.o [4]
_exit                       0x109        Code  Gb  cexit.o [4]
_main                        0xfb        Code  Gb  cmain.o [4]
delay                        0xa9  0x14  Code  Gb  delay.o [1]
exit                        0x103   0x4  Code  Gb  exit.o [2]
main                         0x41  0x68  Code  Gb  main.o [1]


[1] = D:\Repositories\Projects\QuantumLeaps\lesson13\Debug\Obj
[2] = dl7M_tln.a
[3] = m7M_tls.a
[4] = rt7M_tl.a

    300 bytes of readonly  code memory
  1 024 bytes of readwrite data memory

Errors: none
Warnings: none
