###############################################################################
#
# IAR ELF Linker V8.32.2.178/W32 for ARM                  26/Nov/2020  21:46:54
# Copyright 2007-2018 IAR Systems AB.
#
#    Output file  =  
#        D:\Repositories\Projects\QuantumLeaps\lesson13\Debug\Exe\c.out
#    Map file     =  
#        D:\Repositories\Projects\QuantumLeaps\lesson13\Debug\List\c.map
#    Command line =  
#        -f C:\Users\racas\AppData\Local\Temp\EW8B72.tmp
#        (D:\Repositories\Projects\QuantumLeaps\lesson13\Debug\Obj\delay.o
#        D:\Repositories\Projects\QuantumLeaps\lesson13\Debug\Obj\main.o
#        --no_out_extension -o
#        D:\Repositories\Projects\QuantumLeaps\lesson13\Debug\Exe\c.out
#        --redirect _Printf=_PrintfFullNoMb --redirect _Scanf=_ScanfFullNoMb
#        --map D:\Repositories\Projects\QuantumLeaps\lesson13\Debug\List\c.map
#        --config D:\Repositories\Projects\QuantumLeaps\lesson13\project.icf
#        --entry __iar_program_start "C:\Program Files (x86)\IAR
#        Systems\Embedded Workbench
#        8.2\arm\CMSIS\Lib\IAR\iar_cortexM4lf_math.a" --vfe --text_out locale)
#
###############################################################################

*******************************************************************************
*** RUNTIME MODEL ATTRIBUTES
***

CppFlavor       = *
__SystemLibrary = DLib
__dlib_version  = 6


*******************************************************************************
*** HEAP SELECTION
***

The basic heap was selected because some modules are built with
size limitations (and not runtime checking), and --advanced_heap
was not specified.


*******************************************************************************
*** PLACEMENT SUMMARY
***

"A0":  place at 0x0 { ro section .intvec };
"P1":  place in [from 0x0 to 0x3'ffff] { ro };
define block CSTACK with size = 1K, alignment = 8 { };
define block HEAP with size = 0M, alignment = 8 { };
"P2":  place in [from 0x2000'0000 to 0x2000'7fff] {
          rw, block CSTACK, block HEAP };

  Section          Kind         Address   Size  Object
  -------          ----         -------   ----  ------
"A0":                                     0x40
  .intvec          ro code          0x0   0x40  vector_table_M.o [4]
                                 - 0x40   0x40

"P1":                                    0x1b0
  .text            ro code         0x40   0xb8  main.o [1]
  .text            ro code         0xf8   0x14  delay.o [1]
  .text            ro code        0x10c   0x3a  zero_init3.o [4]
  .text            ro code        0x146    0x2  vector_table_M.o [4]
  .text            ro code        0x148   0x28  data_init.o [4]
  .text            ro code        0x170   0x22  fpinit_M.o [3]
  .iar.init_table  const          0x194   0x10  - Linker created -
  .text            ro code        0x1a4   0x1e  cmain.o [4]
  .text            ro code        0x1c2    0x4  low_level_init.o [2]
  .text            ro code        0x1c6    0x4  exit.o [2]
  .text            ro code        0x1cc    0xa  cexit.o [4]
  .text            ro code        0x1d8    0xc  XXexit.o [4]
  .text            ro code        0x1e4    0xc  cstartup_M.o [4]
  .rodata          const          0x1f0    0x0  zero_init3.o [4]
                                - 0x1f0  0x1b0

"P2", part 1 of 2:                        0x24
  .bss             zero     0x2000'0000    0xc  main.o [1]
  .bss             zero     0x2000'000c    0x8  main.o [1]
  .bss             zero     0x2000'0014    0x8  main.o [1]
  .bss             zero     0x2000'001c    0x4  main.o [1]
  .bss             zero     0x2000'0020    0x4  main.o [1]
                          - 0x2000'0024   0x24

"P2", part 2 of 2:                       0x400
  CSTACK                    0x2000'0028  0x400  <Block>
    CSTACK         uninit   0x2000'0028  0x400  <Block tail>
                          - 0x2000'0428  0x400

Unused ranges:

         From           To      Size
         ----           --      ----
        0x1f0     0x3'ffff  0x3'fe10
  0x2000'0024  0x2000'0027       0x4
  0x2000'0428  0x2000'7fff    0x7bd8


*******************************************************************************
*** INIT TABLE
***

          Address      Size
          -------      ----
Zero (__iar_zero_init3)
    1 destination range, total size 0x24:
          0x2000'0000  0x24



*******************************************************************************
*** MODULE SUMMARY
*** 

    Module            ro code  ro data  rw data
    ------            -------  -------  -------
command line/config:
    -------------------------------------------
    Total:

D:\Repositories\Projects\QuantumLeaps\lesson13\Debug\Obj: [1]
    delay.o                20
    main.o                184                36
    -------------------------------------------
    Total:                204                36

dl7M_tln.a: [2]
    exit.o                  4
    low_level_init.o        4
    -------------------------------------------
    Total:                  8

m7M_tls.a: [3]
    fpinit_M.o             34
    -------------------------------------------
    Total:                 34

rt7M_tl.a: [4]
    XXexit.o               12
    cexit.o                10
    cmain.o                30
    cstartup_M.o           12
    data_init.o            40
    vector_table_M.o       66
    zero_init3.o           58
    -------------------------------------------
    Total:                228

    Gaps                    4        2
    Linker created                  16    1 024
-----------------------------------------------
    Grand Total:          478       18    1 060


*******************************************************************************
*** ENTRY LIST
***

Entry                       Address  Size  Type      Object
-----                       -------  ----  ----      ------
.iar.init_table$$Base         0x194         --   Gb  - Linker created -
.iar.init_table$$Limit        0x1a4         --   Gb  - Linker created -
?main                         0x1a5        Code  Gb  cmain.o [4]
CSTACK$$Base            0x2000'0028         --   Gb  - Linker created -
CSTACK$$Limit           0x2000'0428         --   Gb  - Linker created -
Region$$Table$$Base           0x194         --   Gb  - Linker created -
Region$$Table$$Limit          0x1a4         --   Gb  - Linker created -
__cmain                       0x1a5        Code  Gb  cmain.o [4]
__exit                        0x1d9        Code  Gb  XXexit.o [4]
__iar_data_init3              0x149  0x28  Code  Gb  data_init.o [4]
__iar_init_vfp                0x171        Code  Gb  fpinit_M.o [3]
__iar_program_start           0x1e5        Code  Gb  cstartup_M.o [4]
__iar_zero_init3              0x10d  0x3a  Code  Gb  zero_init3.o [4]
__low_level_init              0x1c3   0x4  Code  Gb  low_level_init.o [2]
__vector_table                  0x0        Data  Gb  vector_table_M.o [4]
_call_main                    0x1b1        Code  Gb  cmain.o [4]
_exit                         0x1cd        Code  Gb  cexit.o [4]
_main                         0x1bf        Code  Gb  cmain.o [4]
delay                          0xf9  0x14  Code  Gb  delay.o [1]
exit                          0x1c7   0x4  Code  Gb  exit.o [2]
main                           0x41  0xb8  Code  Gb  main.o [1]
p1                      0x2000'001c   0x4  Data  Gb  main.o [1]
p2                      0x2000'0020   0x4  Data  Gb  main.o [1]
t                       0x2000'0000   0xc  Data  Gb  main.o [1]
w                       0x2000'000c   0x8  Data  Gb  main.o [1]
w2                      0x2000'0014   0x8  Data  Gb  main.o [1]


[1] = D:\Repositories\Projects\QuantumLeaps\lesson13\Debug\Obj
[2] = dl7M_tln.a
[3] = m7M_tls.a
[4] = rt7M_tl.a

    478 bytes of readonly  code memory
     18 bytes of readonly  data memory
  1 060 bytes of readwrite data memory

Errors: none
Warnings: none
